Archive member included to satisfy reference by file (symbol)

c:/st/stm32cubeide_1.6.1/stm32cubeide/plugins/com.st.stm32cube.ide.mcu.externaltools.gnu-tools-for-stm32.9-2020-q2-update.win32_2.0.0.202105311346/tools/bin/../lib/gcc/arm-none-eabi/9.3.1/../../../../arm-none-eabi/lib/thumb/v7e-m+fp/hard\libc_nano.a(lib_a-errno.o)
                              ./Core/Src/syscalls.o (__errno)
c:/st/stm32cubeide_1.6.1/stm32cubeide/plugins/com.st.stm32cube.ide.mcu.externaltools.gnu-tools-for-stm32.9-2020-q2-update.win32_2.0.0.202105311346/tools/bin/../lib/gcc/arm-none-eabi/9.3.1/../../../../arm-none-eabi/lib/thumb/v7e-m+fp/hard\libc_nano.a(lib_a-exit.o)
                              c:/st/stm32cubeide_1.6.1/stm32cubeide/plugins/com.st.stm32cube.ide.mcu.externaltools.gnu-tools-for-stm32.9-2020-q2-update.win32_2.0.0.202105311346/tools/bin/../lib/gcc/arm-none-eabi/9.3.1/../../../../arm-none-eabi/lib/thumb/v7e-m+fp/hard/crt0.o (exit)
c:/st/stm32cubeide_1.6.1/stm32cubeide/plugins/com.st.stm32cube.ide.mcu.externaltools.gnu-tools-for-stm32.9-2020-q2-update.win32_2.0.0.202105311346/tools/bin/../lib/gcc/arm-none-eabi/9.3.1/../../../../arm-none-eabi/lib/thumb/v7e-m+fp/hard\libc_nano.a(lib_a-impure.o)
                              c:/st/stm32cubeide_1.6.1/stm32cubeide/plugins/com.st.stm32cube.ide.mcu.externaltools.gnu-tools-for-stm32.9-2020-q2-update.win32_2.0.0.202105311346/tools/bin/../lib/gcc/arm-none-eabi/9.3.1/../../../../arm-none-eabi/lib/thumb/v7e-m+fp/hard\libc_nano.a(lib_a-exit.o) (_global_impure_ptr)
c:/st/stm32cubeide_1.6.1/stm32cubeide/plugins/com.st.stm32cube.ide.mcu.externaltools.gnu-tools-for-stm32.9-2020-q2-update.win32_2.0.0.202105311346/tools/bin/../lib/gcc/arm-none-eabi/9.3.1/../../../../arm-none-eabi/lib/thumb/v7e-m+fp/hard\libc_nano.a(lib_a-init.o)
                              c:/st/stm32cubeide_1.6.1/stm32cubeide/plugins/com.st.stm32cube.ide.mcu.externaltools.gnu-tools-for-stm32.9-2020-q2-update.win32_2.0.0.202105311346/tools/bin/../lib/gcc/arm-none-eabi/9.3.1/../../../../arm-none-eabi/lib/thumb/v7e-m+fp/hard/crt0.o (__libc_init_array)
c:/st/stm32cubeide_1.6.1/stm32cubeide/plugins/com.st.stm32cube.ide.mcu.externaltools.gnu-tools-for-stm32.9-2020-q2-update.win32_2.0.0.202105311346/tools/bin/../lib/gcc/arm-none-eabi/9.3.1/../../../../arm-none-eabi/lib/thumb/v7e-m+fp/hard\libc_nano.a(lib_a-memset.o)
                              c:/st/stm32cubeide_1.6.1/stm32cubeide/plugins/com.st.stm32cube.ide.mcu.externaltools.gnu-tools-for-stm32.9-2020-q2-update.win32_2.0.0.202105311346/tools/bin/../lib/gcc/arm-none-eabi/9.3.1/../../../../arm-none-eabi/lib/thumb/v7e-m+fp/hard/crt0.o (memset)
c:/st/stm32cubeide_1.6.1/stm32cubeide/plugins/com.st.stm32cube.ide.mcu.externaltools.gnu-tools-for-stm32.9-2020-q2-update.win32_2.0.0.202105311346/tools/bin/../lib/gcc/arm-none-eabi/9.3.1/../../../../arm-none-eabi/lib/thumb/v7e-m+fp/hard\libc_nano.a(lib_a-nano-vfprintf_float.o)
                              (_printf_float)
c:/st/stm32cubeide_1.6.1/stm32cubeide/plugins/com.st.stm32cube.ide.mcu.externaltools.gnu-tools-for-stm32.9-2020-q2-update.win32_2.0.0.202105311346/tools/bin/../lib/gcc/arm-none-eabi/9.3.1/../../../../arm-none-eabi/lib/thumb/v7e-m+fp/hard\libc_nano.a(lib_a-nano-vfprintf_i.o)
                              c:/st/stm32cubeide_1.6.1/stm32cubeide/plugins/com.st.stm32cube.ide.mcu.externaltools.gnu-tools-for-stm32.9-2020-q2-update.win32_2.0.0.202105311346/tools/bin/../lib/gcc/arm-none-eabi/9.3.1/../../../../arm-none-eabi/lib/thumb/v7e-m+fp/hard\libc_nano.a(lib_a-nano-vfprintf_float.o) (_printf_common)
c:/st/stm32cubeide_1.6.1/stm32cubeide/plugins/com.st.stm32cube.ide.mcu.externaltools.gnu-tools-for-stm32.9-2020-q2-update.win32_2.0.0.202105311346/tools/bin/../lib/gcc/arm-none-eabi/9.3.1/../../../../arm-none-eabi/lib/thumb/v7e-m+fp/hard\libc_nano.a(lib_a-sprintf.o)
                              ./Core/Src/main.o (sprintf)
c:/st/stm32cubeide_1.6.1/stm32cubeide/plugins/com.st.stm32cube.ide.mcu.externaltools.gnu-tools-for-stm32.9-2020-q2-update.win32_2.0.0.202105311346/tools/bin/../lib/gcc/arm-none-eabi/9.3.1/../../../../arm-none-eabi/lib/thumb/v7e-m+fp/hard\libc_nano.a(lib_a-strlen.o)
                              c:/st/stm32cubeide_1.6.1/stm32cubeide/plugins/com.st.stm32cube.ide.mcu.externaltools.gnu-tools-for-stm32.9-2020-q2-update.win32_2.0.0.202105311346/tools/bin/../lib/gcc/arm-none-eabi/9.3.1/../../../../arm-none-eabi/lib/thumb/v7e-m+fp/hard\libc_nano.a(lib_a-nano-vfprintf_float.o) (strlen)
c:/st/stm32cubeide_1.6.1/stm32cubeide/plugins/com.st.stm32cube.ide.mcu.externaltools.gnu-tools-for-stm32.9-2020-q2-update.win32_2.0.0.202105311346/tools/bin/../lib/gcc/arm-none-eabi/9.3.1/../../../../arm-none-eabi/lib/thumb/v7e-m+fp/hard\libc_nano.a(lib_a-dtoa.o)
[...]
Memory Configuration

Name             Origin             Length             Attributes
RAM              0x0000000020000000 0x0000000000050000 xrw
FLASH            0x0000000008000000 0x0000000000100000 xr
*default*        0x0000000000000000 0xffffffffffffffff

Linker script and memory map

LOAD c:/st/stm32cubeide_1.6.1/stm32cubeide/plugins/com.st.stm32cube.ide.mcu.externaltools.gnu-tools-for-stm32.9-2020-q2-update.win32_2.0.0.202105311346/tools/bin/../lib/gcc/arm-none-eabi/9.3.1/thumb/v7e-m+fp/hard/crti.o
LOAD c:/st/stm32cubeide_1.6.1/stm32cubeide/plugins/com.st.stm32cube.ide.mcu.externaltools.gnu-tools-for-stm32.9-2020-q2-update.win32_2.0.0.202105311346/tools/bin/../lib/gcc/arm-none-eabi/9.3.1/thumb/v7e-m+fp/hard/crtbegin.o
LOAD c:/st/stm32cubeide_1.6.1/stm32cubeide/plugins/com.st.stm32cube.ide.mcu.externaltools.gnu-tools-for-stm32.9-2020-q2-update.win32_2.0.0.202105311346/tools/bin/../lib/gcc/arm-none-eabi/9.3.1/../../../../arm-none-eabi/lib/thumb/v7e-m+fp/hard/crt0.o
LOAD ./Core/Src/main.o
LOAD ./Core/Src/stm32f7xx_hal_msp.o
LOAD ./Core/Src/stm32f7xx_hal_timebase_tim.o
LOAD ./Core/Src/stm32f7xx_it.o
LOAD ./Core/Src/syscalls.o
LOAD ./Core/Src/sysmem.o
LOAD ./Core/Src/system_stm32f7xx.o
LOAD ./Core/Startup/startup_stm32f746nghx.o
LOAD ./Drivers/BSP/Components/ft5336/ft5336.o
LOAD ./Drivers/BSP/Components/ov9655/ov9655.o
LOAD ./Drivers/BSP/Components/wm8994/wm8994.o
LOAD ./Drivers/BSP/src/stm32746g_discovery.o
LOAD ./Drivers/BSP/src/stm32746g_discovery_lcd.o
LOAD ./Drivers/BSP/src/stm32746g_discovery_sdram.o
LOAD ./Drivers/BSP/src/stm32746g_discovery_ts.o
LOAD ./Drivers/STM32F7xx_HAL_Driver/Src/stm32f7xx_hal.o
LOAD ./Drivers/STM32F7xx_HAL_Driver/Src/stm32f7xx_hal_adc.o
LOAD ./Drivers/STM32F7xx_HAL_Driver/Src/stm32f7xx_hal_adc_ex.o
LOAD ./Drivers/STM32F7xx_HAL_Driver/Src/stm32f7xx_hal_cortex.o
LOAD ./Drivers/STM32F7xx_HAL_Driver/Src/stm32f7xx_hal_crc.o
LOAD ./Drivers/STM32F7xx_HAL_Driver/Src/stm32f7xx_hal_crc_ex.o
LOAD ./Drivers/STM32F7xx_HAL_Driver/Src/stm32f7xx_hal_dma.o
LOAD ./Drivers/STM32F7xx_HAL_Driver/Src/stm32f7xx_hal_dma2d.o
LOAD ./Drivers/STM32F7xx_HAL_Driver/Src/stm32f7xx_hal_dma_ex.o
LOAD ./Drivers/STM32F7xx_HAL_Driver/Src/stm32f7xx_hal_dsi.o
LOAD ./Drivers/STM32F7xx_HAL_Driver/Src/stm32f7xx_hal_exti.o
LOAD ./Drivers/STM32F7xx_HAL_Driver/Src/stm32f7xx_hal_flash.o
LOAD ./Drivers/STM32F7xx_HAL_Driver/Src/stm32f7xx_hal_flash_ex.o
LOAD ./Drivers/STM32F7xx_HAL_Driver/Src/stm32f7xx_hal_gpio.o
LOAD ./Drivers/STM32F7xx_HAL_Driver/Src/stm32f7xx_hal_i2c.o
LOAD ./Drivers/STM32F7xx_HAL_Driver/Src/stm32f7xx_hal_i2c_ex.o
LOAD ./Drivers/STM32F7xx_HAL_Driver/Src/stm32f7xx_hal_ltdc.o
LOAD ./Drivers/STM32F7xx_HAL_Driver/Src/stm32f7xx_hal_ltdc_ex.o
LOAD ./Drivers/STM32F7xx_HAL_Driver/Src/stm32f7xx_hal_pwr.o
LOAD ./Drivers/STM32F7xx_HAL_Driver/Src/stm32f7xx_hal_pwr_ex.o
LOAD ./Drivers/STM32F7xx_HAL_Driver/Src/stm32f7xx_hal_rcc.o
LOAD ./Drivers/STM32F7xx_HAL_Driver/Src/stm32f7xx_hal_rcc_ex.o
LOAD ./Drivers/STM32F7xx_HAL_Driver/Src/stm32f7xx_hal_sdram.o
LOAD ./Drivers/STM32F7xx_HAL_Driver/Src/stm32f7xx_hal_tim.o
LOAD ./Drivers/STM32F7xx_HAL_Driver/Src/stm32f7xx_hal_tim_ex.o
LOAD ./Drivers/STM32F7xx_HAL_Driver/Src/stm32f7xx_hal_uart.o
LOAD ./Drivers/STM32F7xx_HAL_Driver/Src/stm32f7xx_hal_uart_ex.o
LOAD ./Drivers/STM32F7xx_HAL_Driver/Src/stm32f7xx_ll_fmc.o
LOAD ./Drivers/TPuP2021/Src/GENERATE.o
LOAD ./Drivers/TPuP2021/Src/INTERFACE.o
LOAD ./Drivers/TPuP2021/Src/LED.o
LOAD ./Drivers/TPuP2021/Src/OBSERVE.o
LOAD ./Drivers/Utilities/Fonts/font12.o
LOAD ./Drivers/Utilities/Fonts/font16.o
LOAD ./Drivers/Utilities/Fonts/font20.o
LOAD ./Drivers/Utilities/Fonts/font24.o
LOAD ./Drivers/Utilities/Fonts/font8.o
START GROUP
LOAD c:/st/stm32cubeide_1.6.1/stm32cubeide/plugins/com.st.stm32cube.ide.mcu.externaltools.gnu-tools-for-stm32.9-2020-q2-update.win32_2.0.0.202105311346/tools/bin/../lib/gcc/arm-none-eabi/9.3.1/../../../../arm-none-eabi/lib/thumb/v7e-m+fp/hard\libc_nano.a
LOAD c:/st/stm32cubeide_1.6.1/stm32cubeide/plugins/com.st.stm32cube.ide.mcu.externaltools.gnu-tools-for-stm32.9-2020-q2-update.win32_2.0.0.202105311346/tools/bin/../lib/gcc/arm-none-eabi/9.3.1/../../../../arm-none-eabi/lib/thumb/v7e-m+fp/hard\libm.a
END GROUP
START GROUP
LOAD c:/st/stm32cubeide_1.6.1/stm32cubeide/plugins/com.st.stm32cube.ide.mcu.externaltools.gnu-tools-for-stm32.9-2020-q2-update.win32_2.0.0.202105311346/tools/bin/../lib/gcc/arm-none-eabi/9.3.1/thumb/v7e-m+fp/hard\libgcc.a
LOAD c:/st/stm32cubeide_1.6.1/stm32cubeide/plugins/com.st.stm32cube.ide.mcu.externaltools.gnu-tools-for-stm32.9-2020-q2-update.win32_2.0.0.202105311346/tools/bin/../lib/gcc/arm-none-eabi/9.3.1/../../../../arm-none-eabi/lib/thumb/v7e-m+fp/hard\libc_nano.a
END GROUP
START GROUP
LOAD c:/st/stm32cubeide_1.6.1/stm32cubeide/plugins/com.st.stm32cube.ide.mcu.externaltools.gnu-tools-for-stm32.9-2020-q2-update.win32_2.0.0.202105311346/tools/bin/../lib/gcc/arm-none-eabi/9.3.1/thumb/v7e-m+fp/hard\libgcc.a
LOAD c:/st/stm32cubeide_1.6.1/stm32cubeide/plugins/com.st.stm32cube.ide.mcu.externaltools.gnu-tools-for-stm32.9-2020-q2-update.win32_2.0.0.202105311346/tools/bin/../lib/gcc/arm-none-eabi/9.3.1/../../../../arm-none-eabi/lib/thumb/v7e-m+fp/hard\libc_nano.a
LOAD c:/st/stm32cubeide_1.6.1/stm32cubeide/plugins/com.st.stm32cube.ide.mcu.externaltools.gnu-tools-for-stm32.9-2020-q2-update.win32_2.0.0.202105311346/tools/bin/../lib/gcc/arm-none-eabi/9.3.1/../../../../arm-none-eabi/lib/thumb/v7e-m+fp/hard\libnosys.a
END GROUP
START GROUP
LOAD c:/st/stm32cubeide_1.6.1/stm32cubeide/plugins/com.st.stm32cube.ide.mcu.externaltools.gnu-tools-for-stm32.9-2020-q2-update.win32_2.0.0.202105311346/tools/bin/../lib/gcc/arm-none-eabi/9.3.1/thumb/v7e-m+fp/hard\libgcc.a
LOAD c:/st/stm32cubeide_1.6.1/stm32cubeide/plugins/com.st.stm32cube.ide.mcu.externaltools.gnu-tools-for-stm32.9-2020-q2-update.win32_2.0.0.202105311346/tools/bin/../lib/gcc/arm-none-eabi/9.3.1/../../../../arm-none-eabi/lib/thumb/v7e-m+fp/hard\libc_nano.a
LOAD c:/st/stm32cubeide_1.6.1/stm32cubeide/plugins/com.st.stm32cube.ide.mcu.externaltools.gnu-tools-for-stm32.9-2020-q2-update.win32_2.0.0.202105311346/tools/bin/../lib/gcc/arm-none-eabi/9.3.1/../../../../arm-none-eabi/lib/thumb/v7e-m+fp/hard\libnosys.a
END GROUP
LOAD c:/st/stm32cubeide_1.6.1/stm32cubeide/plugins/com.st.stm32cube.ide.mcu.externaltools.gnu-tools-for-stm32.9-2020-q2-update.win32_2.0.0.202105311346/tools/bin/../lib/gcc/arm-none-eabi/9.3.1/thumb/v7e-m+fp/hard/crtend.o
LOAD c:/st/stm32cubeide_1.6.1/stm32cubeide/plugins/com.st.stm32cube.ide.mcu.externaltools.gnu-tools-for-stm32.9-2020-q2-update.win32_2.0.0.202105311346/tools/bin/../lib/gcc/arm-none-eabi/9.3.1/thumb/v7e-m+fp/hard/crtn.o
                0x0000000020050000                _estack = (ORIGIN (RAM) + LENGTH (RAM))
                0x0000000000000200                _Min_Heap_Size = 0x200
                0x0000000000000400                _Min_Stack_Size = 0x400

.isr_vector     0x0000000008000000      0x1c8
                0x0000000008000000                . = ALIGN (0x4)
 *(.isr_vector)
 .isr_vector    0x0000000008000000      0x1c8 ./Core/Startup/startup_stm32f746nghx.o
                0x0000000008000000                g_pfnVectors
                0x00000000080001c8                . = ALIGN (0x4)

.text           0x00000000080001d0     0xcfac
                0x00000000080001d0                . = ALIGN (0x4)
 *(.text)
 .text          0x00000000080001d0       0x40 c:/st/stm32cubeide_1.6.1/stm32cubeide/plugins/com.st.stm32cube.ide.mcu.externaltools.gnu-tools-for-stm32.9-2020-q2-update.win32_2.0.0.202105311346/tools/bin/../lib/gcc/arm-none-eabi/9.3.1/thumb/v7e-m+fp/hard/crtbegin.o
 .text          0x0000000008000210       0x10 c:/st/stm32cubeide_1.6.1/stm32cubeide/plugins/com.st.stm32cube.ide.mcu.externaltools.gnu-tools-for-stm32.9-2020-q2-update.win32_2.0.0.202105311346/tools/bin/../lib/gcc/arm-none-eabi/9.3.1/../../../../arm-none-eabi/lib/thumb/v7e-m+fp/hard\libc_nano.a(lib_a-strlen.o)
                0x0000000008000210                strlen
 .text          0x0000000008000220       0xa0 c:/st/stm32cubeide_1.6.1/stm32cubeide/plugins/com.st.stm32cube.ide.mcu.externaltools.gnu-tools-for-stm32.9-2020-q2-update.win32_2.0.0.202105311346/tools/bin/../lib/gcc/arm-none-eabi/9.3.1/../../../../arm-none-eabi/lib/thumb/v7e-m+fp/hard\libc_nano.a(lib_a-memchr.o)
                0x0000000008000220                memchr
 .text          0x00000000080002c0      0x378 c:/st/stm32cubeide_1.6.1/stm32cubeide/plugins/com.st.stm32cube.ide.mcu.externaltools.gnu-tools-for-stm32.9-2020-q2-update.win32_2.0.0.202105311346/tools/bin/../lib/gcc/arm-none-eabi/9.3.1/thumb/v7e-m+fp/hard\libgcc.a(_arm_addsubdf3.o)
                0x00000000080002c0                __aeabi_drsub
                0x00000000080002c8                __aeabi_dsub
                0x00000000080002c8                __subdf3
                0x00000000080002cc                __aeabi_dadd
                0x00000000080002cc                __adddf3
                0x0000000008000544                __floatunsidf
                0x0000000008000544                __aeabi_ui2d
                0x0000000008000564                __floatsidf
                0x0000000008000564                __aeabi_i2d
                0x0000000008000588                __aeabi_f2d
                0x0000000008000588                __extendsfdf2
                0x00000000080005cc                __floatundidf
                0x00000000080005cc                __aeabi_ul2d
                0x00000000080005dc                __floatdidf
                0x00000000080005dc                __aeabi_l2d
 .text          0x0000000008000638      0x424 c:/st/stm32cubeide_1.6.1/stm32cubeide/plugins/com.st.stm32cube.ide.mcu.externaltools.gnu-tools-for-stm32.9-2020-q2-update.win32_2.0.0.202105311346/tools/bin/../lib/gcc/arm-none-eabi/9.3.1/thumb/v7e-m+fp/hard\libgcc.a(_arm_muldivdf3.o)
                0x0000000008000638                __aeabi_dmul
                0x0000000008000638                __muldf3
                0x000000000800088c                __divdf3
                0x000000000800088c                __aeabi_ddiv
 .text          0x0000000008000a5c      0x110 c:/st/stm32cubeide_1.6.1/stm32cubeide/plugins/com.st.stm32cube.ide.mcu.externaltools.gnu-tools-for-stm32.9-2020-q2-update.win32_2.0.0.202105311346/tools/bin/../lib/gcc/arm-none-eabi/9.3.1/thumb/v7e-m+fp/hard\libgcc.a(_arm_cmpdf2.o)
                0x0000000008000a5c                __gtdf2
                0x0000000008000a5c                __gedf2
                0x0000000008000a64                __ltdf2
                0x0000000008000a64                __ledf2
                0x0000000008000a6c                __nedf2
                0x0000000008000a6c                __eqdf2
                0x0000000008000a6c                __cmpdf2
                0x0000000008000ae8                __aeabi_cdrcmple
                0x0000000008000af8                __aeabi_cdcmpeq
                0x0000000008000af8                __aeabi_cdcmple
                0x0000000008000b08                __aeabi_dcmpeq
                0x0000000008000b1c                __aeabi_dcmplt
                0x0000000008000b30                __aeabi_dcmple
                0x0000000008000b44                __aeabi_dcmpge
                0x0000000008000b58                __aeabi_dcmpgt
 .text          0x0000000008000b6c       0x2c c:/st/stm32cubeide_1.6.1/stm32cubeide/plugins/com.st.stm32cube.ide.mcu.externaltools.gnu-tools-for-stm32.9-2020-q2-update.win32_2.0.0.202105311346/tools/bin/../lib/gcc/arm-none-eabi/9.3.1/thumb/v7e-m+fp/hard\libgcc.a(_arm_unorddf2.o)
                0x0000000008000b6c                __unorddf2
                0x0000000008000b6c                __aeabi_dcmpun
 .text          0x0000000008000b98       0x50 c:/st/stm32cubeide_1.6.1/stm32cubeide/plugins/com.st.stm32cube.ide.mcu.externaltools.gnu-tools-for-stm32.9-2020-q2-update.win32_2.0.0.202105311346/tools/bin/../lib/gcc/arm-none-eabi/9.3.1/thumb/v7e-m+fp/hard\libgcc.a(_arm_fixdfsi.o)
                0x0000000008000b98                __aeabi_d2iz
                0x0000000008000b98                __fixdfsi
 .text          0x0000000008000be8       0x30 c:/st/stm32cubeide_1.6.1/stm32cubeide/plugins/com.st.stm32cube.ide.mcu.externaltools.gnu-tools-for-stm32.9-2020-q2-update.win32_2.0.0.202105311346/tools/bin/../lib/gcc/arm-none-eabi/9.3.1/thumb/v7e-m+fp/hard\libgcc.a(_aeabi_uldivmod.o)
                0x0000000008000be8                __aeabi_uldivmod
 .text          0x0000000008000c18      0x2c4 c:/st/stm32cubeide_1.6.1/stm32cubeide/plugins/com.st.stm32cube.ide.mcu.externaltools.gnu-tools-for-stm32.9-2020-q2-update.win32_2.0.0.202105311346/tools/bin/../lib/gcc/arm-none-eabi/9.3.1/thumb/v7e-m+fp/hard\libgcc.a(_udivmoddi4.o)
                0x0000000008000c18                __udivmoddi4
 .text          0x0000000008000edc        0x4 c:/st/stm32cubeide_1.6.1/stm32cubeide/plugins/com.st.stm32cube.ide.mcu.externaltools.gnu-tools-for-stm32.9-2020-q2-update.win32_2.0.0.202105311346/tools/bin/../lib/gcc/arm-none-eabi/9.3.1/thumb/v7e-m+fp/hard\libgcc.a(_dvmd_tls.o)
                0x0000000008000edc                __aeabi_idiv0
                0x0000000008000edc                __aeabi_ldiv0
 *(.text*)
 .text.main     0x0000000008000ee0      0x30c ./Core/Src/main.o
                0x0000000008000ee0                main
 .text.SystemClock_Config
                0x00000000080011ec      0x148 ./Core/Src/main.o
                0x00000000080011ec                SystemClock_Config
 .text.MX_ADC3_Init
                0x0000000008001334       0xa4 ./Core/Src/main.o
 .text.MX_CRC_Init
                0x00000000080013d8       0x44 ./Core/Src/main.o
 .text.MX_DMA2D_Init
                0x000000000800141c       0x64 ./Core/Src/main.o
 .text.MX_I2C3_Init
                0x0000000008001480       0x80 ./Core/Src/main.o
 .text.MX_LTDC_Init
                0x0000000008001500      0x104 ./Core/Src/main.o
 .text.MX_TIM2_Init
                0x0000000008001604       0x9c ./Core/Src/main.o
 .text.MX_TIM3_Init
                0x00000000080016a0       0xa0 ./Core/Src/main.o
 .text.MX_TIM4_Init
                0x0000000008001740       0xa0 ./Core/Src/main.o
 .text.MX_TIM5_Init
                0x00000000080017e0       0xa0 ./Core/Src/main.o
 .text.MX_TIM7_Init
                0x0000000008001880       0x6c ./Core/Src/main.o
 .text.MX_TIM9_Init
                0x00000000080018ec       0x74 ./Core/Src/main.o
 .text.MX_USART1_UART_Init
                0x0000000008001960       0x60 ./Core/Src/main.o
 .text.MX_FMC_Init
                0x00000000080019c0       0xa0 ./Core/Src/main.o
 .text.MX_GPIO_Init
                0x0000000008001a60      0x6d0 ./Core/Src/main.o
 .text.HAL_TIM_PeriodElapsedCallback
                0x0000000008002130       0x24 ./Core/Src/main.o
                0x0000000008002130                HAL_TIM_PeriodElapsedCallback
 .text.Error_Handler
                0x0000000008002154        0xa ./Core/Src/main.o
                0x0000000008002154                Error_Handler
 *fill*         0x000000000800215e        0x2 
 .text.HAL_MspInit
                0x0000000008002160       0x48 ./Core/Src/stm32f7xx_hal_msp.o
                0x0000000008002160                HAL_MspInit
 .text.HAL_ADC_MspInit
                0x00000000080021a8       0xc4 ./Core/Src/stm32f7xx_hal_msp.o
                0x00000000080021a8                HAL_ADC_MspInit
 .text.HAL_CRC_MspInit
                0x000000000800226c       0x40 ./Core/Src/stm32f7xx_hal_msp.o
                0x000000000800226c                HAL_CRC_MspInit
 .text.HAL_DMA2D_MspInit
                0x00000000080022ac       0x4c ./Core/Src/stm32f7xx_hal_msp.o
                0x00000000080022ac                HAL_DMA2D_MspInit
 .text.HAL_I2C_MspInit
                0x00000000080022f8       0x88 ./Core/Src/stm32f7xx_hal_msp.o
                0x00000000080022f8                HAL_I2C_MspInit
 .text.HAL_I2C_MspDeInit
                0x0000000008002380       0x44 ./Core/Src/stm32f7xx_hal_msp.o
                0x0000000008002380                HAL_I2C_MspDeInit
 .text.HAL_LTDC_MspInit
                0x00000000080023c4      0x190 ./Core/Src/stm32f7xx_hal_msp.o
                0x00000000080023c4                HAL_LTDC_MspInit
 .text.HAL_TIM_Base_MspInit
                0x0000000008002554      0x224 ./Core/Src/stm32f7xx_hal_msp.o
                0x0000000008002554                HAL_TIM_Base_MspInit
 .text.HAL_UART_MspInit
                0x0000000008002778       0xc4 ./Core/Src/stm32f7xx_hal_msp.o
                0x0000000008002778                HAL_UART_MspInit
 .text.HAL_FMC_MspInit
                0x000000000800283c      0x120 ./Core/Src/stm32f7xx_hal_msp.o
 .text.HAL_SDRAM_MspInit
                0x000000000800295c       0x14 ./Core/Src/stm32f7xx_hal_msp.o
                0x000000000800295c                HAL_SDRAM_MspInit
 .text.HAL_InitTick
                0x0000000008002970       0xb0 ./Core/Src/stm32f7xx_hal_timebase_tim.o
                0x0000000008002970                HAL_InitTick
 .text.NMI_Handler
                0x0000000008002a20        0x6 ./Core/Src/stm32f7xx_it.o
                0x0000000008002a20                NMI_Handler
 .text.HardFault_Handler
                0x0000000008002a26        0x6 ./Core/Src/stm32f7xx_it.o
                0x0000000008002a26                HardFault_Handler
 .text.MemManage_Handler
                0x0000000008002a2c        0x6 ./Core/Src/stm32f7xx_it.o
                0x0000000008002a2c                MemManage_Handler
 .text.BusFault_Handler
                0x0000000008002a32        0x6 ./Core/Src/stm32f7xx_it.o
                0x0000000008002a32                BusFault_Handler
 .text.UsageFault_Handler
                0x0000000008002a38        0x6 ./Core/Src/stm32f7xx_it.o
                0x0000000008002a38                UsageFault_Handler
 .text.SVC_Handler
                0x0000000008002a3e        0xe ./Core/Src/stm32f7xx_it.o
                0x0000000008002a3e                SVC_Handler
 .text.DebugMon_Handler
                0x0000000008002a4c        0xe ./Core/Src/stm32f7xx_it.o
                0x0000000008002a4c                DebugMon_Handler
 .text.PendSV_Handler
                0x0000000008002a5a        0xe ./Core/Src/stm32f7xx_it.o
                0x0000000008002a5a                PendSV_Handler
 .text.SysTick_Handler
                0x0000000008002a68        0xe ./Core/Src/stm32f7xx_it.o
                0x0000000008002a68                SysTick_Handler
 *fill*         0x0000000008002a76        0x2 
 .text.ADC_IRQHandler
                0x0000000008002a78       0x68 ./Core/Src/stm32f7xx_it.o
                0x0000000008002a78                ADC_IRQHandler
 .text.TIM1_BRK_TIM9_IRQHandler
                0x0000000008002ae0       0x14 ./Core/Src/stm32f7xx_it.o
                0x0000000008002ae0                TIM1_BRK_TIM9_IRQHandler
 .text.TIM2_IRQHandler
                0x0000000008002af4       0x30 ./Core/Src/stm32f7xx_it.o
                0x0000000008002af4                TIM2_IRQHandler
 .text.TIM3_IRQHandler
                0x0000000008002b24       0x14 ./Core/Src/stm32f7xx_it.o
                0x0000000008002b24                TIM3_IRQHandler
 .text.TIM4_IRQHandler
                0x0000000008002b38       0x84 ./Core/Src/stm32f7xx_it.o
                0x0000000008002b38                TIM4_IRQHandler
 .text.EXTI15_10_IRQHandler
                0x0000000008002bbc       0x30 ./Core/Src/stm32f7xx_it.o
                0x0000000008002bbc                EXTI15_10_IRQHandler
 .text.TIM5_IRQHandler
                0x0000000008002bec       0x18 ./Core/Src/stm32f7xx_it.o
                0x0000000008002bec                TIM5_IRQHandler
 .text.TIM6_DAC_IRQHandler
                0x0000000008002c04       0x14 ./Core/Src/stm32f7xx_it.o
                0x0000000008002c04                TIM6_DAC_IRQHandler
 .text.TIM7_IRQHandler
                0x0000000008002c18       0x1c ./Core/Src/stm32f7xx_it.o
                0x0000000008002c18                TIM7_IRQHandler
 .text.LTDC_IRQHandler
                0x0000000008002c34       0x14 ./Core/Src/stm32f7xx_it.o
                0x0000000008002c34                LTDC_IRQHandler
 .text.DMA2D_IRQHandler
                0x0000000008002c48       0x14 ./Core/Src/stm32f7xx_it.o
                0x0000000008002c48                DMA2D_IRQHandler
 .text._getpid  0x0000000008002c5c       0x10 ./Core/Src/syscalls.o
                0x0000000008002c5c                _getpid
 .text._kill    0x0000000008002c6c       0x20 ./Core/Src/syscalls.o
                0x0000000008002c6c                _kill
 .text._exit    0x0000000008002c8c       0x14 ./Core/Src/syscalls.o
                0x0000000008002c8c                _exit
 .text._read    0x0000000008002ca0       0x3a ./Core/Src/syscalls.o
                0x0000000008002ca0                _read
 .text._write   0x0000000008002cda       0x38 ./Core/Src/syscalls.o
                0x0000000008002cda                _write
 .text._close   0x0000000008002d12       0x18 ./Core/Src/syscalls.o
                0x0000000008002d12                _close
 .text._fstat   0x0000000008002d2a       0x20 ./Core/Src/syscalls.o
                0x0000000008002d2a                _fstat
 .text._isatty  0x0000000008002d4a       0x16 ./Core/Src/syscalls.o
                0x0000000008002d4a                _isatty
 .text._lseek   0x0000000008002d60       0x1a ./Core/Src/syscalls.o
                0x0000000008002d60                _lseek
 *fill*         0x0000000008002d7a        0x2 
 .text._sbrk    0x0000000008002d7c       0x6c ./Core/Src/sysmem.o
                0x0000000008002d7c                _sbrk
 .text.SystemInit
                0x0000000008002de8       0x24 ./Core/Src/system_stm32f7xx.o
                0x0000000008002de8                SystemInit
 .text.Reset_Handler
                0x0000000008002e0c       0x50 ./Core/Startup/startup_stm32f746nghx.o
                0x0000000008002e0c                Reset_Handler
 .text.Default_Handler
                0x0000000008002e5c        0x2 ./Core/Startup/startup_stm32f746nghx.o
                0x0000000008002e5c                RTC_Alarm_IRQHandler
                0x0000000008002e5c                EXTI2_IRQHandler
                0x0000000008002e5c                TIM8_CC_IRQHandler
                0x0000000008002e5c                UART8_IRQHandler
                0x0000000008002e5c                SPI4_IRQHandler
                0x0000000008002e5c                TIM1_CC_IRQHandler
                0x0000000008002e5c                DMA2_Stream5_IRQHandler
                0x0000000008002e5c                DMA1_Stream5_IRQHandler
                0x0000000008002e5c                PVD_IRQHandler
                0x0000000008002e5c                TAMP_STAMP_IRQHandler
                0x0000000008002e5c                CAN2_RX1_IRQHandler
                0x0000000008002e5c                EXTI3_IRQHandler
                0x0000000008002e5c                TIM8_TRG_COM_TIM14_IRQHandler
                0x0000000008002e5c                TIM1_UP_TIM10_IRQHandler
                0x0000000008002e5c                TIM8_UP_TIM13_IRQHandler
                0x0000000008002e5c                I2C3_ER_IRQHandler
                0x0000000008002e5c                EXTI0_IRQHandler
                0x0000000008002e5c                I2C2_EV_IRQHandler
                0x0000000008002e5c                DMA1_Stream2_IRQHandler
                0x0000000008002e5c                CAN1_RX0_IRQHandler
                0x0000000008002e5c                FPU_IRQHandler
                0x0000000008002e5c                OTG_HS_WKUP_IRQHandler
                0x0000000008002e5c                LTDC_ER_IRQHandler
                0x0000000008002e5c                CAN2_SCE_IRQHandler
                0x0000000008002e5c                DMA2_Stream2_IRQHandler
                0x0000000008002e5c                SPI1_IRQHandler
                0x0000000008002e5c                DCMI_IRQHandler
                0x0000000008002e5c                CAN2_RX0_IRQHandler
                0x0000000008002e5c                DMA2_Stream3_IRQHandler
                0x0000000008002e5c                SAI2_IRQHandler
                0x0000000008002e5c                USART6_IRQHandler
                0x0000000008002e5c                USART3_IRQHandler
                0x0000000008002e5c                CAN1_RX1_IRQHandler
                0x0000000008002e5c                UART5_IRQHandler
                0x0000000008002e5c                DMA2_Stream0_IRQHandler
                0x0000000008002e5c                QUADSPI_IRQHandler
                0x0000000008002e5c                I2C1_EV_IRQHandler
                0x0000000008002e5c                DMA1_Stream6_IRQHandler
                0x0000000008002e5c                DMA1_Stream1_IRQHandler
                0x0000000008002e5c                UART4_IRQHandler
                0x0000000008002e5c                RCC_IRQHandler
                0x0000000008002e5c                TIM8_BRK_TIM12_IRQHandler
                0x0000000008002e5c                Default_Handler
                0x0000000008002e5c                CEC_IRQHandler
                0x0000000008002e5c                DMA1_Stream7_IRQHandler
                0x0000000008002e5c                SPI5_IRQHandler
                0x0000000008002e5c                SDMMC1_IRQHandler
                0x0000000008002e5c                CAN2_TX_IRQHandler
                0x0000000008002e5c                DMA2_Stream7_IRQHandler
                0x0000000008002e5c                I2C3_EV_IRQHandler
                0x0000000008002e5c                EXTI9_5_IRQHandler
                0x0000000008002e5c                RTC_WKUP_IRQHandler
                0x0000000008002e5c                ETH_WKUP_IRQHandler
                0x0000000008002e5c                SPDIF_RX_IRQHandler
                0x0000000008002e5c                SPI2_IRQHandler
                0x0000000008002e5c                OTG_HS_EP1_IN_IRQHandler
                0x0000000008002e5c                DMA1_Stream0_IRQHandler
                0x0000000008002e5c                CAN1_TX_IRQHandler
                0x0000000008002e5c                EXTI4_IRQHandler
                0x0000000008002e5c                RNG_IRQHandler
                0x0000000008002e5c                ETH_IRQHandler
                0x0000000008002e5c                OTG_HS_EP1_OUT_IRQHandler
                0x0000000008002e5c                WWDG_IRQHandler
                0x0000000008002e5c                SPI6_IRQHandler
                0x0000000008002e5c                I2C4_EV_IRQHandler
                0x0000000008002e5c                OTG_FS_WKUP_IRQHandler
                0x0000000008002e5c                TIM1_TRG_COM_TIM11_IRQHandler
                0x0000000008002e5c                OTG_HS_IRQHandler
                0x0000000008002e5c                EXTI1_IRQHandler
                0x0000000008002e5c                UART7_IRQHandler
                0x0000000008002e5c                USART2_IRQHandler
                0x0000000008002e5c                I2C2_ER_IRQHandler
                0x0000000008002e5c                DMA2_Stream1_IRQHandler
                0x0000000008002e5c                CAN1_SCE_IRQHandler
                0x0000000008002e5c                FLASH_IRQHandler
                0x0000000008002e5c                DMA2_Stream4_IRQHandler
                0x0000000008002e5c                USART1_IRQHandler
                0x0000000008002e5c                OTG_FS_IRQHandler
                0x0000000008002e5c                SPI3_IRQHandler
                0x0000000008002e5c                DMA1_Stream4_IRQHandler
                0x0000000008002e5c                I2C1_ER_IRQHandler
                0x0000000008002e5c                FMC_IRQHandler
                0x0000000008002e5c                LPTIM1_IRQHandler
                0x0000000008002e5c                I2C4_ER_IRQHandler
                0x0000000008002e5c                DMA2_Stream6_IRQHandler
                0x0000000008002e5c                SAI1_IRQHandler
                0x0000000008002e5c                DMA1_Stream3_IRQHandler
 .text.ft5336_Init
                0x0000000008002e5e       0x1c ./Drivers/BSP/Components/ft5336/ft5336.o
                0x0000000008002e5e                ft5336_Init
 .text.ft5336_Reset
                0x0000000008002e7a       0x16 ./Drivers/BSP/Components/ft5336/ft5336.o
                0x0000000008002e7a                ft5336_Reset
 .text.ft5336_ReadID
                0x0000000008002e90       0x5c ./Drivers/BSP/Components/ft5336/ft5336.o
                0x0000000008002e90                ft5336_ReadID
 .text.ft5336_TS_Start
                0x0000000008002eec       0x22 ./Drivers/BSP/Components/ft5336/ft5336.o
                0x0000000008002eec                ft5336_TS_Start
 *fill*         0x0000000008002f0e        0x2 
 .text.ft5336_TS_DetectTouch
                0x0000000008002f10       0x54 ./Drivers/BSP/Components/ft5336/ft5336.o
                0x0000000008002f10                ft5336_TS_DetectTouch
 .text.ft5336_TS_GetXY
                0x0000000008002f64      0x1e0 ./Drivers/BSP/Components/ft5336/ft5336.o
                0x0000000008002f64                ft5336_TS_GetXY
 .text.ft5336_TS_EnableIT
                0x0000000008003144       0x28 ./Drivers/BSP/Components/ft5336/ft5336.o
                0x0000000008003144                ft5336_TS_EnableIT
 .text.ft5336_TS_DisableIT
                0x000000000800316c       0x28 ./Drivers/BSP/Components/ft5336/ft5336.o
                0x000000000800316c                ft5336_TS_DisableIT
 .text.ft5336_TS_ITStatus
                0x0000000008003194       0x18 ./Drivers/BSP/Components/ft5336/ft5336.o
                0x0000000008003194                ft5336_TS_ITStatus
 .text.ft5336_TS_ClearIT
                0x00000000080031ac       0x16 ./Drivers/BSP/Components/ft5336/ft5336.o
                0x00000000080031ac                ft5336_TS_ClearIT
 .text.ft5336_TS_GetGestureID
                0x00000000080031c2       0x32 ./Drivers/BSP/Components/ft5336/ft5336.o
                0x00000000080031c2                ft5336_TS_GetGestureID
 .text.ft5336_TS_GetTouchInfo
                0x00000000080031f4      0x15c ./Drivers/BSP/Components/ft5336/ft5336.o
                0x00000000080031f4                ft5336_TS_GetTouchInfo
 .text.ft5336_Get_I2C_InitializedStatus
                0x0000000008003350       0x18 ./Drivers/BSP/Components/ft5336/ft5336.o
 .text.ft5336_I2C_InitializeIfRequired
                0x0000000008003368       0x20 ./Drivers/BSP/Components/ft5336/ft5336.o
 .text.ft5336_TS_Configure
                0x0000000008003388       0x1c ./Drivers/BSP/Components/ft5336/ft5336.o
 .text.I2Cx_MspInit
                0x00000000080033a4      0x160 ./Drivers/BSP/src/stm32746g_discovery.o
 .text.I2Cx_Init
                0x0000000008003504       0x78 ./Drivers/BSP/src/stm32746g_discovery.o
 .text.I2Cx_ReadMultiple
                0x000000000800357c       0x5a ./Drivers/BSP/src/stm32746g_discovery.o
 .text.I2Cx_WriteMultiple
                0x00000000080035d6       0x5a ./Drivers/BSP/src/stm32746g_discovery.o
 .text.I2Cx_Error
                0x0000000008003630       0x20 ./Drivers/BSP/src/stm32746g_discovery.o
 .text.TS_IO_Init
                0x0000000008003650       0x14 ./Drivers/BSP/src/stm32746g_discovery.o
                0x0000000008003650                TS_IO_Init
 .text.TS_IO_Write
                0x0000000008003664       0x34 ./Drivers/BSP/src/stm32746g_discovery.o
                0x0000000008003664                TS_IO_Write
 .text.TS_IO_Read
                0x0000000008003698       0x3c ./Drivers/BSP/src/stm32746g_discovery.o
                0x0000000008003698                TS_IO_Read
 .text.TS_IO_Delay
                0x00000000080036d4       0x16 ./Drivers/BSP/src/stm32746g_discovery.o
                0x00000000080036d4                TS_IO_Delay
 *fill*         0x00000000080036ea        0x2 
 .text.BSP_LCD_Init
                0x00000000080036ec       0xe0 ./Drivers/BSP/src/stm32746g_discovery_lcd.o
                0x00000000080036ec                BSP_LCD_Init
 .text.BSP_LCD_GetXSize
                0x00000000080037cc       0x28 ./Drivers/BSP/src/stm32746g_discovery_lcd.o
                0x00000000080037cc                BSP_LCD_GetXSize
 .text.BSP_LCD_GetYSize
                0x00000000080037f4       0x28 ./Drivers/BSP/src/stm32746g_discovery_lcd.o
                0x00000000080037f4                BSP_LCD_GetYSize
 .text.BSP_LCD_LayerDefaultInit
                0x000000000800381c       0xc0 ./Drivers/BSP/src/stm32746g_discovery_lcd.o
                0x000000000800381c                BSP_LCD_LayerDefaultInit
 .text.BSP_LCD_SelectLayer
                0x00000000080038dc       0x20 ./Drivers/BSP/src/stm32746g_discovery_lcd.o
                0x00000000080038dc                BSP_LCD_SelectLayer
 .text.BSP_LCD_SetTextColor
                0x00000000080038fc       0x30 ./Drivers/BSP/src/stm32746g_discovery_lcd.o
                0x00000000080038fc                BSP_LCD_SetTextColor
 .text.BSP_LCD_SetFont
                0x000000000800392c       0x34 ./Drivers/BSP/src/stm32746g_discovery_lcd.o
                0x000000000800392c                BSP_LCD_SetFont
 .text.BSP_LCD_GetFont
                0x0000000008003960       0x2c ./Drivers/BSP/src/stm32746g_discovery_lcd.o
                0x0000000008003960                BSP_LCD_GetFont
 .text.BSP_LCD_Clear
                0x000000000800398c       0x50 ./Drivers/BSP/src/stm32746g_discovery_lcd.o
                0x000000000800398c                BSP_LCD_Clear
 .text.BSP_LCD_DisplayChar
                0x00000000080039dc       0x88 ./Drivers/BSP/src/stm32746g_discovery_lcd.o
                0x00000000080039dc                BSP_LCD_DisplayChar
 .text.BSP_LCD_DisplayStringAt
                0x0000000008003a64      0x190 ./Drivers/BSP/src/stm32746g_discovery_lcd.o
                0x0000000008003a64                BSP_LCD_DisplayStringAt
 .text.BSP_LCD_DisplayStringAtLine
                0x0000000008003bf4       0x2e ./Drivers/BSP/src/stm32746g_discovery_lcd.o
                0x0000000008003bf4                BSP_LCD_DisplayStringAtLine
 *fill*         0x0000000008003c22        0x2 
 .text.BSP_LCD_DrawVLine
                0x0000000008003c24       0xc4 ./Drivers/BSP/src/stm32746g_discovery_lcd.o
                0x0000000008003c24                BSP_LCD_DrawVLine
 .text.BSP_LCD_DrawPixel
                0x0000000008003ce8       0x90 ./Drivers/BSP/src/stm32746g_discovery_lcd.o
                0x0000000008003ce8                BSP_LCD_DrawPixel
 .text.BSP_LCD_DisplayOn
                0x0000000008003d78       0x3c ./Drivers/BSP/src/stm32746g_discovery_lcd.o
                0x0000000008003d78                BSP_LCD_DisplayOn
 .text.BSP_LCD_MspInit
                0x0000000008003db4      0x1b4 ./Drivers/BSP/src/stm32746g_discovery_lcd.o
                0x0000000008003db4                BSP_LCD_MspInit
 .text.BSP_LCD_ClockConfig
                0x0000000008003f68       0x38 ./Drivers/BSP/src/stm32746g_discovery_lcd.o
                0x0000000008003f68                BSP_LCD_ClockConfig
 .text.DrawChar
                0x0000000008003fa0      0x170 ./Drivers/BSP/src/stm32746g_discovery_lcd.o
 .text.LL_FillBuffer
                0x0000000008004110       0x98 ./Drivers/BSP/src/stm32746g_discovery_lcd.o
 .text.BSP_SDRAM_Init
                0x00000000080041a8       0xbc ./Drivers/BSP/src/stm32746g_discovery_sdram.o
                0x00000000080041a8                BSP_SDRAM_Init
 .text.BSP_SDRAM_Initialization_sequence
                0x0000000008004264       0xc0 ./Drivers/BSP/src/stm32746g_discovery_sdram.o
                0x0000000008004264                BSP_SDRAM_Initialization_sequence
 .text.BSP_SDRAM_MspInit
                0x0000000008004324      0x1f0 ./Drivers/BSP/src/stm32746g_discovery_sdram.o
                0x0000000008004324                BSP_SDRAM_MspInit
 .text.BSP_TS_Init
                0x0000000008004514       0x80 ./Drivers/BSP/src/stm32746g_discovery_ts.o
                0x0000000008004514                BSP_TS_Init
 .text.BSP_TS_GetState
                0x0000000008004594      0x3ac ./Drivers/BSP/src/stm32746g_discovery_ts.o
                0x0000000008004594                BSP_TS_GetState
 .text.BSP_TS_Get_GestureId
                0x0000000008004940      0x104 ./Drivers/BSP/src/stm32746g_discovery_ts.o
                0x0000000008004940                BSP_TS_Get_GestureId
 .text.HAL_Init
                0x0000000008004a44       0x1a ./Drivers/STM32F7xx_HAL_Driver/Src/stm32f7xx_hal.o
                0x0000000008004a44                HAL_Init
 *fill*         0x0000000008004a5e        0x2 
 .text.HAL_IncTick
                0x0000000008004a60       0x28 ./Drivers/STM32F7xx_HAL_Driver/Src/stm32f7xx_hal.o
                0x0000000008004a60                HAL_IncTick
 .text.HAL_GetTick
                0x0000000008004a88       0x18 ./Drivers/STM32F7xx_HAL_Driver/Src/stm32f7xx_hal.o
                0x0000000008004a88                HAL_GetTick
 .text.HAL_Delay
                0x0000000008004aa0       0x48 ./Drivers/STM32F7xx_HAL_Driver/Src/stm32f7xx_hal.o
                0x0000000008004aa0                HAL_Delay
 .text.HAL_ADC_Init
                0x0000000008004ae8       0x88 ./Drivers/STM32F7xx_HAL_Driver/Src/stm32f7xx_hal_adc.o
                0x0000000008004ae8                HAL_ADC_Init
 .text.HAL_ADC_Start_IT
                0x0000000008004b70      0x1b0 ./Drivers/STM32F7xx_HAL_Driver/Src/stm32f7xx_hal_adc.o
                0x0000000008004b70                HAL_ADC_Start_IT
 .text.HAL_ADC_IRQHandler
                0x0000000008004d20      0x282 ./Drivers/STM32F7xx_HAL_Driver/Src/stm32f7xx_hal_adc.o
                0x0000000008004d20                HAL_ADC_IRQHandler
 .text.HAL_ADC_GetValue
                0x0000000008004fa2       0x1a ./Drivers/STM32F7xx_HAL_Driver/Src/stm32f7xx_hal_adc.o
                0x0000000008004fa2                HAL_ADC_GetValue
 .text.HAL_ADC_ConvCpltCallback
                0x0000000008004fbc       0x14 ./Drivers/STM32F7xx_HAL_Driver/Src/stm32f7xx_hal_adc.o
                0x0000000008004fbc                HAL_ADC_ConvCpltCallback
 .text.HAL_ADC_LevelOutOfWindowCallback
                0x0000000008004fd0       0x14 ./Drivers/STM32F7xx_HAL_Driver/Src/stm32f7xx_hal_adc.o
                0x0000000008004fd0                HAL_ADC_LevelOutOfWindowCallback
 .text.HAL_ADC_ErrorCallback
                0x0000000008004fe4       0x14 ./Drivers/STM32F7xx_HAL_Driver/Src/stm32f7xx_hal_adc.o
                0x0000000008004fe4                HAL_ADC_ErrorCallback
 .text.HAL_ADC_ConfigChannel
                0x0000000008004ff8      0x294 ./Drivers/STM32F7xx_HAL_Driver/Src/stm32f7xx_hal_adc.o
                0x0000000008004ff8                HAL_ADC_ConfigChannel
 .text.ADC_Init
                0x000000000800528c      0x1f4 ./Drivers/STM32F7xx_HAL_Driver/Src/stm32f7xx_hal_adc.o
 .text.HAL_ADCEx_InjectedConvCpltCallback
                0x0000000008005480       0x14 ./Drivers/STM32F7xx_HAL_Driver/Src/stm32f7xx_hal_adc_ex.o
                0x0000000008005480                HAL_ADCEx_InjectedConvCpltCallback
 .text.__NVIC_SetPriorityGrouping
                0x0000000008005494       0x48 ./Drivers/STM32F7xx_HAL_Driver/Src/stm32f7xx_hal_cortex.o
 .text.__NVIC_GetPriorityGrouping
                0x00000000080054dc       0x1c ./Drivers/STM32F7xx_HAL_Driver/Src/stm32f7xx_hal_cortex.o
 .text.__NVIC_EnableIRQ
                0x00000000080054f8       0x3c ./Drivers/STM32F7xx_HAL_Driver/Src/stm32f7xx_hal_cortex.o
 .text.__NVIC_SetPriority
                0x0000000008005534       0x54 ./Drivers/STM32F7xx_HAL_Driver/Src/stm32f7xx_hal_cortex.o
 .text.NVIC_EncodePriority
                0x0000000008005588       0x66 ./Drivers/STM32F7xx_HAL_Driver/Src/stm32f7xx_hal_cortex.o
 .text.HAL_NVIC_SetPriorityGrouping
                0x00000000080055ee       0x16 ./Drivers/STM32F7xx_HAL_Driver/Src/stm32f7xx_hal_cortex.o
                0x00000000080055ee                HAL_NVIC_SetPriorityGrouping
 .text.HAL_NVIC_SetPriority
                0x0000000008005604       0x38 ./Drivers/STM32F7xx_HAL_Driver/Src/stm32f7xx_hal_cortex.o
                0x0000000008005604                HAL_NVIC_SetPriority
 .text.HAL_NVIC_EnableIRQ
                0x000000000800563c       0x1c ./Drivers/STM32F7xx_HAL_Driver/Src/stm32f7xx_hal_cortex.o
                0x000000000800563c                HAL_NVIC_EnableIRQ
 .text.HAL_CRC_Init
                0x0000000008005658       0xc8 ./Drivers/STM32F7xx_HAL_Driver/Src/stm32f7xx_hal_crc.o
                0x0000000008005658                HAL_CRC_Init
 .text.HAL_CRCEx_Polynomial_Set
                0x0000000008005720      0x10c ./Drivers/STM32F7xx_HAL_Driver/Src/stm32f7xx_hal_crc_ex.o
                0x0000000008005720                HAL_CRCEx_Polynomial_Set
 .text.HAL_DMA_Init
                0x000000000800582c      0x15c ./Drivers/STM32F7xx_HAL_Driver/Src/stm32f7xx_hal_dma.o
                0x000000000800582c                HAL_DMA_Init
 .text.HAL_DMA_DeInit
                0x0000000008005988       0xbc ./Drivers/STM32F7xx_HAL_Driver/Src/stm32f7xx_hal_dma.o
                0x0000000008005988                HAL_DMA_DeInit
 .text.DMA_CalcBaseAndBitshift
                0x0000000008005a44       0x6c ./Drivers/STM32F7xx_HAL_Driver/Src/stm32f7xx_hal_dma.o
 .text.DMA_CheckFifoParam
                0x0000000008005ab0       0xf8 ./Drivers/STM32F7xx_HAL_Driver/Src/stm32f7xx_hal_dma.o
 .text.HAL_DMA2D_Init
                0x0000000008005ba8       0x94 ./Drivers/STM32F7xx_HAL_Driver/Src/stm32f7xx_hal_dma2d.o
                0x0000000008005ba8                HAL_DMA2D_Init
 .text.HAL_DMA2D_Start
                0x0000000008005c3c       0x56 ./Drivers/STM32F7xx_HAL_Driver/Src/stm32f7xx_hal_dma2d.o
                0x0000000008005c3c                HAL_DMA2D_Start
 .text.HAL_DMA2D_PollForTransfer
                0x0000000008005c92      0x1d2 ./Drivers/STM32F7xx_HAL_Driver/Src/stm32f7xx_hal_dma2d.o
                0x0000000008005c92                HAL_DMA2D_PollForTransfer
 .text.HAL_DMA2D_IRQHandler
                0x0000000008005e64      0x1f8 ./Drivers/STM32F7xx_HAL_Driver/Src/stm32f7xx_hal_dma2d.o
                0x0000000008005e64                HAL_DMA2D_IRQHandler
 .text.HAL_DMA2D_LineEventCallback
                0x000000000800605c       0x14 ./Drivers/STM32F7xx_HAL_Driver/Src/stm32f7xx_hal_dma2d.o
                0x000000000800605c                HAL_DMA2D_LineEventCallback
 .text.HAL_DMA2D_CLUTLoadingCpltCallback
                0x0000000008006070       0x14 ./Drivers/STM32F7xx_HAL_Driver/Src/stm32f7xx_hal_dma2d.o
                0x0000000008006070                HAL_DMA2D_CLUTLoadingCpltCallback
 .text.HAL_DMA2D_ConfigLayer
                0x0000000008006084      0x124 ./Drivers/STM32F7xx_HAL_Driver/Src/stm32f7xx_hal_dma2d.o
                0x0000000008006084                HAL_DMA2D_ConfigLayer
 .text.DMA2D_SetConfig
                0x00000000080061a8      0x138 ./Drivers/STM32F7xx_HAL_Driver/Src/stm32f7xx_hal_dma2d.o
 .text.HAL_GPIO_Init
                0x00000000080062e0      0x358 ./Drivers/STM32F7xx_HAL_Driver/Src/stm32f7xx_hal_gpio.o
                0x00000000080062e0                HAL_GPIO_Init
 .text.HAL_GPIO_DeInit
                0x0000000008006638      0x218 ./Drivers/STM32F7xx_HAL_Driver/Src/stm32f7xx_hal_gpio.o
                0x0000000008006638                HAL_GPIO_DeInit
 .text.HAL_GPIO_WritePin
                0x0000000008006850       0x32 ./Drivers/STM32F7xx_HAL_Driver/Src/stm32f7xx_hal_gpio.o
                0x0000000008006850                HAL_GPIO_WritePin
 *fill*         0x0000000008006882        0x2 
 .text.HAL_GPIO_EXTI_IRQHandler
                0x0000000008006884       0x30 ./Drivers/STM32F7xx_HAL_Driver/Src/stm32f7xx_hal_gpio.o
                0x0000000008006884                HAL_GPIO_EXTI_IRQHandler
 .text.HAL_GPIO_EXTI_Callback
                0x00000000080068b4       0x16 ./Drivers/STM32F7xx_HAL_Driver/Src/stm32f7xx_hal_gpio.o
                0x00000000080068b4                HAL_GPIO_EXTI_Callback
 *fill*         0x00000000080068ca        0x2 
 .text.HAL_I2C_Init
                0x00000000080068cc      0x120 ./Drivers/STM32F7xx_HAL_Driver/Src/stm32f7xx_hal_i2c.o
                0x00000000080068cc                HAL_I2C_Init
 .text.HAL_I2C_DeInit
                0x00000000080069ec       0x5e ./Drivers/STM32F7xx_HAL_Driver/Src/stm32f7xx_hal_i2c.o
                0x00000000080069ec                HAL_I2C_DeInit
 *fill*         0x0000000008006a4a        0x2 
 .text.HAL_I2C_Mem_Write
                0x0000000008006a4c      0x228 ./Drivers/STM32F7xx_HAL_Driver/Src/stm32f7xx_hal_i2c.o
                0x0000000008006a4c                HAL_I2C_Mem_Write
 .text.HAL_I2C_Mem_Read
                0x0000000008006c74      0x234 ./Drivers/STM32F7xx_HAL_Driver/Src/stm32f7xx_hal_i2c.o
                0x0000000008006c74                HAL_I2C_Mem_Read
 .text.HAL_I2C_GetState
                0x0000000008006ea8       0x1c ./Drivers/STM32F7xx_HAL_Driver/Src/stm32f7xx_hal_i2c.o
                0x0000000008006ea8                HAL_I2C_GetState
 .text.I2C_RequestMemoryWrite
                0x0000000008006ec4       0xa8 ./Drivers/STM32F7xx_HAL_Driver/Src/stm32f7xx_hal_i2c.o
 .text.I2C_RequestMemoryRead
                0x0000000008006f6c       0xa8 ./Drivers/STM32F7xx_HAL_Driver/Src/stm32f7xx_hal_i2c.o
 .text.I2C_Flush_TXDR
                0x0000000008007014       0x48 ./Drivers/STM32F7xx_HAL_Driver/Src/stm32f7xx_hal_i2c.o
 .text.I2C_WaitOnFlagUntilTimeout
                0x000000000800705c       0x80 ./Drivers/STM32F7xx_HAL_Driver/Src/stm32f7xx_hal_i2c.o
 .text.I2C_WaitOnTXISFlagUntilTimeout
                0x00000000080070dc       0x80 ./Drivers/STM32F7xx_HAL_Driver/Src/stm32f7xx_hal_i2c.o
 .text.I2C_WaitOnSTOPFlagUntilTimeout
                0x000000000800715c       0x78 ./Drivers/STM32F7xx_HAL_Driver/Src/stm32f7xx_hal_i2c.o
 .text.I2C_IsAcknowledgeFailed
                0x00000000080071d4       0xcc ./Drivers/STM32F7xx_HAL_Driver/Src/stm32f7xx_hal_i2c.o
 .text.I2C_TransferConfig
                0x00000000080072a0       0x5c ./Drivers/STM32F7xx_HAL_Driver/Src/stm32f7xx_hal_i2c.o
 .text.HAL_I2CEx_ConfigAnalogFilter
                0x00000000080072fc       0x96 ./Drivers/STM32F7xx_HAL_Driver/Src/stm32f7xx_hal_i2c_ex.o
                0x00000000080072fc                HAL_I2CEx_ConfigAnalogFilter
 .text.HAL_I2CEx_ConfigDigitalFilter
                0x0000000008007392       0x98 ./Drivers/STM32F7xx_HAL_Driver/Src/stm32f7xx_hal_i2c_ex.o
                0x0000000008007392                HAL_I2CEx_ConfigDigitalFilter
 *fill*         0x000000000800742a        0x2 
 .text.HAL_LTDC_Init
                0x000000000800742c      0x1a0 ./Drivers/STM32F7xx_HAL_Driver/Src/stm32f7xx_hal_ltdc.o
                0x000000000800742c                HAL_LTDC_Init
 .text.HAL_LTDC_IRQHandler
                0x00000000080075cc      0x148 ./Drivers/STM32F7xx_HAL_Driver/Src/stm32f7xx_hal_ltdc.o
                0x00000000080075cc                HAL_LTDC_IRQHandler
 .text.HAL_LTDC_ErrorCallback
                0x0000000008007714       0x14 ./Drivers/STM32F7xx_HAL_Driver/Src/stm32f7xx_hal_ltdc.o
                0x0000000008007714                HAL_LTDC_ErrorCallback
 .text.HAL_LTDC_LineEventCallback
                0x0000000008007728       0x14 ./Drivers/STM32F7xx_HAL_Driver/Src/stm32f7xx_hal_ltdc.o
                0x0000000008007728                HAL_LTDC_LineEventCallback
 .text.HAL_LTDC_ReloadEventCallback
                0x000000000800773c       0x14 ./Drivers/STM32F7xx_HAL_Driver/Src/stm32f7xx_hal_ltdc.o
                0x000000000800773c                HAL_LTDC_ReloadEventCallback
 .text.HAL_LTDC_ConfigLayer
                0x0000000008007750       0x7c ./Drivers/STM32F7xx_HAL_Driver/Src/stm32f7xx_hal_ltdc.o
                0x0000000008007750                HAL_LTDC_ConfigLayer
 .text.HAL_LTDC_GetState
                0x00000000080077cc       0x1c ./Drivers/STM32F7xx_HAL_Driver/Src/stm32f7xx_hal_ltdc.o
                0x00000000080077cc                HAL_LTDC_GetState
 .text.LTDC_SetConfig
                0x00000000080077e8      0x334 ./Drivers/STM32F7xx_HAL_Driver/Src/stm32f7xx_hal_ltdc.o
 .text.HAL_PWR_EnableBkUpAccess
                0x0000000008007b1c       0x20 ./Drivers/STM32F7xx_HAL_Driver/Src/stm32f7xx_hal_pwr.o
                0x0000000008007b1c                HAL_PWR_EnableBkUpAccess
 .text.HAL_PWREx_EnableOverDrive
                0x0000000008007b3c       0xa0 ./Drivers/STM32F7xx_HAL_Driver/Src/stm32f7xx_hal_pwr_ex.o
                0x0000000008007b3c                HAL_PWREx_EnableOverDrive
 .text.HAL_RCC_OscConfig
                0x0000000008007bdc      0x548 ./Drivers/STM32F7xx_HAL_Driver/Src/stm32f7xx_hal_rcc.o
                0x0000000008007bdc                HAL_RCC_OscConfig
 .text.HAL_RCC_ClockConfig
                0x0000000008008124      0x1d8 ./Drivers/STM32F7xx_HAL_Driver/Src/stm32f7xx_hal_rcc.o
                0x0000000008008124                HAL_RCC_ClockConfig
 .text.HAL_RCC_GetSysClockFreq
                0x00000000080082fc      0x16c ./Drivers/STM32F7xx_HAL_Driver/Src/stm32f7xx_hal_rcc.o
                0x00000000080082fc                HAL_RCC_GetSysClockFreq
 .text.HAL_RCC_GetHCLKFreq
                0x0000000008008468       0x18 ./Drivers/STM32F7xx_HAL_Driver/Src/stm32f7xx_hal_rcc.o
                0x0000000008008468                HAL_RCC_GetHCLKFreq
 .text.HAL_RCC_GetPCLK1Freq
                0x0000000008008480       0x28 ./Drivers/STM32F7xx_HAL_Driver/Src/stm32f7xx_hal_rcc.o
                0x0000000008008480                HAL_RCC_GetPCLK1Freq
 .text.HAL_RCC_GetPCLK2Freq
                0x00000000080084a8       0x28 ./Drivers/STM32F7xx_HAL_Driver/Src/stm32f7xx_hal_rcc.o
                0x00000000080084a8                HAL_RCC_GetPCLK2Freq
 .text.HAL_RCC_GetClockConfig
                0x00000000080084d0       0x64 ./Drivers/STM32F7xx_HAL_Driver/Src/stm32f7xx_hal_rcc.o
                0x00000000080084d0                HAL_RCC_GetClockConfig
 .text.HAL_RCCEx_PeriphCLKConfig
                0x0000000008008534      0x7e0 ./Drivers/STM32F7xx_HAL_Driver/Src/stm32f7xx_hal_rcc_ex.o
                0x0000000008008534                HAL_RCCEx_PeriphCLKConfig
 .text.HAL_SDRAM_Init
                0x0000000008008d14       0x68 ./Drivers/STM32F7xx_HAL_Driver/Src/stm32f7xx_hal_sdram.o
                0x0000000008008d14                HAL_SDRAM_Init
 .text.HAL_SDRAM_SendCommand
                0x0000000008008d7c       0x56 ./Drivers/STM32F7xx_HAL_Driver/Src/stm32f7xx_hal_sdram.o
                0x0000000008008d7c                HAL_SDRAM_SendCommand
 .text.HAL_SDRAM_ProgramRefreshRate
                0x0000000008008dd2       0x40 ./Drivers/STM32F7xx_HAL_Driver/Src/stm32f7xx_hal_sdram.o
                0x0000000008008dd2                HAL_SDRAM_ProgramRefreshRate
 .text.HAL_TIM_Base_Init
                0x0000000008008e12       0xae ./Drivers/STM32F7xx_HAL_Driver/Src/stm32f7xx_hal_tim.o
                0x0000000008008e12                HAL_TIM_Base_Init
 .text.HAL_TIM_Base_Start_IT
                0x0000000008008ec0       0xf0 ./Drivers/STM32F7xx_HAL_Driver/Src/stm32f7xx_hal_tim.o
                0x0000000008008ec0                HAL_TIM_Base_Start_IT
 .text.HAL_TIM_IRQHandler
                0x0000000008008fb0      0x23e ./Drivers/STM32F7xx_HAL_Driver/Src/stm32f7xx_hal_tim.o
                0x0000000008008fb0                HAL_TIM_IRQHandler
 *fill*         0x00000000080091ee        0x2 
 .text.HAL_TIM_ConfigClockSource
                0x00000000080091f0      0x18c ./Drivers/STM32F7xx_HAL_Driver/Src/stm32f7xx_hal_tim.o
                0x00000000080091f0                HAL_TIM_ConfigClockSource
 .text.HAL_TIM_OC_DelayElapsedCallback
                0x000000000800937c       0x14 ./Drivers/STM32F7xx_HAL_Driver/Src/stm32f7xx_hal_tim.o
                0x000000000800937c                HAL_TIM_OC_DelayElapsedCallback
 .text.HAL_TIM_IC_CaptureCallback
                0x0000000008009390       0x14 ./Drivers/STM32F7xx_HAL_Driver/Src/stm32f7xx_hal_tim.o
                0x0000000008009390                HAL_TIM_IC_CaptureCallback
 .text.HAL_TIM_PWM_PulseFinishedCallback
                0x00000000080093a4       0x14 ./Drivers/STM32F7xx_HAL_Driver/Src/stm32f7xx_hal_tim.o
                0x00000000080093a4                HAL_TIM_PWM_PulseFinishedCallback
 .text.HAL_TIM_TriggerCallback
                0x00000000080093b8       0x14 ./Drivers/STM32F7xx_HAL_Driver/Src/stm32f7xx_hal_tim.o
                0x00000000080093b8                HAL_TIM_TriggerCallback
 .text.TIM_Base_SetConfig
                0x00000000080093cc      0x140 ./Drivers/STM32F7xx_HAL_Driver/Src/stm32f7xx_hal_tim.o
                0x00000000080093cc                TIM_Base_SetConfig
 .text.TIM_TI1_ConfigInputStage
                0x000000000800950c       0x5e ./Drivers/STM32F7xx_HAL_Driver/Src/stm32f7xx_hal_tim.o
 .text.TIM_TI2_ConfigInputStage
                0x000000000800956a       0x60 ./Drivers/STM32F7xx_HAL_Driver/Src/stm32f7xx_hal_tim.o
 .text.TIM_ITRx_SetConfig
                0x00000000080095ca       0x36 ./Drivers/STM32F7xx_HAL_Driver/Src/stm32f7xx_hal_tim.o
 .text.TIM_ETR_SetConfig
                0x0000000008009600       0x40 ./Drivers/STM32F7xx_HAL_Driver/Src/stm32f7xx_hal_tim.o
                0x0000000008009600                TIM_ETR_SetConfig
 .text.HAL_TIMEx_MasterConfigSynchronization
                0x0000000008009640      0x11c ./Drivers/STM32F7xx_HAL_Driver/Src/stm32f7xx_hal_tim_ex.o
                0x0000000008009640                HAL_TIMEx_MasterConfigSynchronization
 .text.HAL_TIMEx_CommutCallback
                0x000000000800975c       0x14 ./Drivers/STM32F7xx_HAL_Driver/Src/stm32f7xx_hal_tim_ex.o
                0x000000000800975c                HAL_TIMEx_CommutCallback
 .text.HAL_TIMEx_BreakCallback
                0x0000000008009770       0x14 ./Drivers/STM32F7xx_HAL_Driver/Src/stm32f7xx_hal_tim_ex.o
                0x0000000008009770                HAL_TIMEx_BreakCallback
 .text.HAL_TIMEx_Break2Callback
                0x0000000008009784       0x14 ./Drivers/STM32F7xx_HAL_Driver/Src/stm32f7xx_hal_tim_ex.o
                0x0000000008009784                HAL_TIMEx_Break2Callback
 .text.HAL_UART_Init
                0x0000000008009798       0x9c ./Drivers/STM32F7xx_HAL_Driver/Src/stm32f7xx_hal_uart.o
                0x0000000008009798                HAL_UART_Init
 .text.UART_SetConfig
                0x0000000008009834      0x4c4 ./Drivers/STM32F7xx_HAL_Driver/Src/stm32f7xx_hal_uart.o
                0x0000000008009834                UART_SetConfig
 .text.UART_AdvFeatureConfig
                0x0000000008009cf8      0x144 ./Drivers/STM32F7xx_HAL_Driver/Src/stm32f7xx_hal_uart.o
                0x0000000008009cf8                UART_AdvFeatureConfig
 .text.UART_CheckIdleState
                0x0000000008009e3c       0x66 ./Drivers/STM32F7xx_HAL_Driver/Src/stm32f7xx_hal_uart.o
                0x0000000008009e3c                UART_CheckIdleState
 .text.UART_WaitOnFlagUntilTimeout
                0x0000000008009ea2       0xf8 ./Drivers/STM32F7xx_HAL_Driver/Src/stm32f7xx_hal_uart.o
                0x0000000008009ea2                UART_WaitOnFlagUntilTimeout
 *fill*         0x0000000008009f9a        0x2 
 .text.FMC_SDRAM_Init
                0x0000000008009f9c       0xe4 ./Drivers/STM32F7xx_HAL_Driver/Src/stm32f7xx_ll_fmc.o
                0x0000000008009f9c                FMC_SDRAM_Init
 .text.FMC_SDRAM_Timing_Init
                0x000000000800a080      0x100 ./Drivers/STM32F7xx_HAL_Driver/Src/stm32f7xx_ll_fmc.o
                0x000000000800a080                FMC_SDRAM_Timing_Init
 .text.FMC_SDRAM_SendCommand
                0x000000000800a180       0x48 ./Drivers/STM32F7xx_HAL_Driver/Src/stm32f7xx_ll_fmc.o
                0x000000000800a180                FMC_SDRAM_SendCommand
 .text.FMC_SDRAM_ProgramRefreshRate
                0x000000000800a1c8       0x26 ./Drivers/STM32F7xx_HAL_Driver/Src/stm32f7xx_ll_fmc.o
                0x000000000800a1c8                FMC_SDRAM_ProgramRefreshRate
 *fill*         0x000000000800a1ee        0x2 
 .text.GENE_TogglePin
                0x000000000800a1f0       0x40 ./Drivers/TPuP2021/Src/GENERATE.o
                0x000000000800a1f0                GENE_TogglePin
 .text.GENE_SetFreqPin
                0x000000000800a230       0x34 ./Drivers/TPuP2021/Src/GENERATE.o
                0x000000000800a230                GENE_SetFreqPin
 .text.newpoint
                0x000000000800a264       0xe0 ./Drivers/TPuP2021/Src/INTERFACE.o
                0x000000000800a264                newpoint
 .text.LED_InitGreen
                0x000000000800a344       0x28 ./Drivers/TPuP2021/Src/LED.o
                0x000000000800a344                LED_InitGreen
 .text.LED_DispGreen
                0x000000000800a36c       0x38 ./Drivers/TPuP2021/Src/LED.o
                0x000000000800a36c                LED_DispGreen
 .text.LED_SetFreqGreen
                0x000000000800a3a4       0x32 ./Drivers/TPuP2021/Src/LED.o
                0x000000000800a3a4                LED_SetFreqGreen
 *fill*         0x000000000800a3d6        0x2 
 .text.__errno  0x000000000800a3d8        0xc c:/st/stm32cubeide_1.6.1/stm32cubeide/plugins/com.st.stm32cube.ide.mcu.externaltools.gnu-tools-for-stm32.9-2020-q2-update.win32_2.0.0.202105311346/tools/bin/../lib/gcc/arm-none-eabi/9.3.1/../../../../arm-none-eabi/lib/thumb/v7e-m+fp/hard\libc_nano.a(lib_a-errno.o)
                0x000000000800a3d8                __errno
 .text.__libc_init_array
                0x000000000800a3e4       0x48 c:/st/stm32cubeide_1.6.1/stm32cubeide/plugins/com.st.stm32cube.ide.mcu.externaltools.gnu-tools-for-stm32.9-2020-q2-update.win32_2.0.0.202105311346/tools/bin/../lib/gcc/arm-none-eabi/9.3.1/../../../../arm-none-eabi/lib/thumb/v7e-m+fp/hard\libc_nano.a(lib_a-init.o)
                0x000000000800a3e4                __libc_init_array
 .text.memset   0x000000000800a42c       0x10 c:/st/stm32cubeide_1.6.1/stm32cubeide/plugins/com.st.stm32cube.ide.mcu.externaltools.gnu-tools-for-stm32.9-2020-q2-update.win32_2.0.0.202105311346/tools/bin/../lib/gcc/arm-none-eabi/9.3.1/../../../../arm-none-eabi/lib/thumb/v7e-m+fp/hard\libc_nano.a(lib_a-memset.o)
                0x000000000800a42c                memset
 .text.__cvt    0x000000000800a43c       0xc4 c:/st/stm32cubeide_1.6.1/stm32cubeide/plugins/com.st.stm32cube.ide.mcu.externaltools.gnu-tools-for-stm32.9-2020-q2-update.win32_2.0.0.202105311346/tools/bin/../lib/gcc/arm-none-eabi/9.3.1/../../../../arm-none-eabi/lib/thumb/v7e-m+fp/hard\libc_nano.a(lib_a-nano-vfprintf_float.o)
                0x000000000800a43c                __cvt
 .text.__exponent
                0x000000000800a500       0x7c c:/st/stm32cubeide_1.6.1/stm32cubeide/plugins/com.st.stm32cube.ide.mcu.externaltools.gnu-tools-for-stm32.9-2020-q2-update.win32_2.0.0.202105311346/tools/bin/../lib/gcc/arm-none-eabi/9.3.1/../../../../arm-none-eabi/lib/thumb/v7e-m+fp/hard\libc_nano.a(lib_a-nano-vfprintf_float.o)
                0x000000000800a500                __exponent
 .text._printf_float
                0x000000000800a57c      0x46c c:/st/stm32cubeide_1.6.1/stm32cubeide/plugins/com.st.stm32cube.ide.mcu.externaltools.gnu-tools-for-stm32.9-2020-q2-update.win32_2.0.0.202105311346/tools/bin/../lib/gcc/arm-none-eabi/9.3.1/../../../../arm-none-eabi/lib/thumb/v7e-m+fp/hard\libc_nano.a(lib_a-nano-vfprintf_float.o)
                0x000000000800a57c                _printf_float
 .text._printf_common
                0x000000000800a9e8       0xda c:/st/stm32cubeide_1.6.1/stm32cubeide/plugins/com.st.stm32cube.ide.mcu.externaltools.gnu-tools-for-stm32.9-2020-q2-update.win32_2.0.0.202105311346/tools/bin/../lib/gcc/arm-none-eabi/9.3.1/../../../../arm-none-eabi/lib/thumb/v7e-m+fp/hard\libc_nano.a(lib_a-nano-vfprintf_i.o)
                0x000000000800a9e8                _printf_common
 *fill*         0x000000000800aac2        0x2 
 .text._printf_i
                0x000000000800aac4      0x24c c:/st/stm32cubeide_1.6.1/stm32cubeide/plugins/com.st.stm32cube.ide.mcu.externaltools.gnu-tools-for-stm32.9-2020-q2-update.win32_2.0.0.202105311346/tools/bin/../lib/gcc/arm-none-eabi/9.3.1/../../../../arm-none-eabi/lib/thumb/v7e-m+fp/hard\libc_nano.a(lib_a-nano-vfprintf_i.o)
                0x000000000800aac4                _printf_i
 .text.sprintf  0x000000000800ad10       0x40 c:/st/stm32cubeide_1.6.1/stm32cubeide/plugins/com.st.stm32cube.ide.mcu.externaltools.gnu-tools-for-stm32.9-2020-q2-update.win32_2.0.0.202105311346/tools/bin/../lib/gcc/arm-none-eabi/9.3.1/../../../../arm-none-eabi/lib/thumb/v7e-m+fp/hard\libc_nano.a(lib_a-sprintf.o)
                0x000000000800ad10                siprintf
                0x000000000800ad10                sprintf
 .text.quorem   0x000000000800ad50      0x116 c:/st/stm32cubeide_1.6.1/stm32cubeide/plugins/com.st.stm32cube.ide.mcu.externaltools.gnu-tools-for-stm32.9-2020-q2-update.win32_2.0.0.202105311346/tools/bin/../lib/gcc/arm-none-eabi/9.3.1/../../../../arm-none-eabi/lib/thumb/v7e-m+fp/hard\libc_nano.a(lib_a-dtoa.o)
 *fill*         0x000000000800ae66        0x2 
 .text._dtoa_r  0x000000000800ae68      0xbd8 c:/st/stm32cubeide_1.6.1/stm32cubeide/plugins/com.st.stm32cube.ide.mcu.externaltools.gnu-tools-for-stm32.9-2020-q2-update.win32_2.0.0.202105311346/tools/bin/../lib/gcc/arm-none-eabi/9.3.1/../../../../arm-none-eabi/lib/thumb/v7e-m+fp/hard\libc_nano.a(lib_a-dtoa.o)
                0x000000000800ae68                _dtoa_r
 .text._localeconv_r
                0x000000000800ba40        0x8 c:/st/stm32cubeide_1.6.1/stm32cubeide/plugins/com.st.stm32cube.ide.mcu.externaltools.gnu-tools-for-stm32.9-2020-q2-update.win32_2.0.0.202105311346/tools/bin/../lib/gcc/arm-none-eabi/9.3.1/../../../../arm-none-eabi/lib/thumb/v7e-m+fp/hard\libc_nano.a(lib_a-localeconv.o)
                0x000000000800ba40                _localeconv_r
 .text.malloc   0x000000000800ba48       0x10 c:/st/stm32cubeide_1.6.1/stm32cubeide/plugins/com.st.stm32cube.ide.mcu.externaltools.gnu-tools-for-stm32.9-2020-q2-update.win32_2.0.0.202105311346/tools/bin/../lib/gcc/arm-none-eabi/9.3.1/../../../../arm-none-eabi/lib/thumb/v7e-m+fp/hard\libc_nano.a(lib_a-malloc.o)
                0x000000000800ba48                malloc
 .text.memcpy   0x000000000800ba58       0x1c c:/st/stm32cubeide_1.6.1/stm32cubeide/plugins/com.st.stm32cube.ide.mcu.externaltools.gnu-tools-for-stm32.9-2020-q2-update.win32_2.0.0.202105311346/tools/bin/../lib/gcc/arm-none-eabi/9.3.1/../../../../arm-none-eabi/lib/thumb/v7e-m+fp/hard\libc_nano.a(lib_a-memcpy-stub.o)
                0x000000000800ba58                memcpy
 .text._Balloc  0x000000000800ba74       0x80 c:/st/stm32cubeide_1.6.1/stm32cubeide/plugins/com.st.stm32cube.ide.mcu.externaltools.gnu-tools-for-stm32.9-2020-q2-update.win32_2.0.0.202105311346/tools/bin/../lib/gcc/arm-none-eabi/9.3.1/../../../../arm-none-eabi/lib/thumb/v7e-m+fp/hard\libc_nano.a(lib_a-mprec.o)
                0x000000000800ba74                _Balloc
 .text._Bfree   0x000000000800baf4       0x44 c:/st/stm32cubeide_1.6.1/stm32cubeide/plugins/com.st.stm32cube.ide.mcu.externaltools.gnu-tools-for-stm32.9-2020-q2-update.win32_2.0.0.202105311346/tools/bin/../lib/gcc/arm-none-eabi/9.3.1/../../../../arm-none-eabi/lib/thumb/v7e-m+fp/hard\libc_nano.a(lib_a-mprec.o)
                0x000000000800baf4                _Bfree
 .text.__multadd
                0x000000000800bb38       0x94 c:/st/stm32cubeide_1.6.1/stm32cubeide/plugins/com.st.stm32cube.ide.mcu.externaltools.gnu-tools-for-stm32.9-2020-q2-update.win32_2.0.0.202105311346/tools/bin/../lib/gcc/arm-none-eabi/9.3.1/../../../../arm-none-eabi/lib/thumb/v7e-m+fp/hard\libc_nano.a(lib_a-mprec.o)
                0x000000000800bb38                __multadd
 .text.__hi0bits
                0x000000000800bbcc       0x40 c:/st/stm32cubeide_1.6.1/stm32cubeide/plugins/com.st.stm32cube.ide.mcu.externaltools.gnu-tools-for-stm32.9-2020-q2-update.win32_2.0.0.202105311346/tools/bin/../lib/gcc/arm-none-eabi/9.3.1/../../../../arm-none-eabi/lib/thumb/v7e-m+fp/hard\libc_nano.a(lib_a-mprec.o)
                0x000000000800bbcc                __hi0bits
 .text.__lo0bits
                0x000000000800bc0c       0x60 c:/st/stm32cubeide_1.6.1/stm32cubeide/plugins/com.st.stm32cube.ide.mcu.externaltools.gnu-tools-for-stm32.9-2020-q2-update.win32_2.0.0.202105311346/tools/bin/../lib/gcc/arm-none-eabi/9.3.1/../../../../arm-none-eabi/lib/thumb/v7e-m+fp/hard\libc_nano.a(lib_a-mprec.o)
                0x000000000800bc0c                __lo0bits
 .text.__i2b    0x000000000800bc6c       0x2c c:/st/stm32cubeide_1.6.1/stm32cubeide/plugins/com.st.stm32cube.ide.mcu.externaltools.gnu-tools-for-stm32.9-2020-q2-update.win32_2.0.0.202105311346/tools/bin/../lib/gcc/arm-none-eabi/9.3.1/../../../../arm-none-eabi/lib/thumb/v7e-m+fp/hard\libc_nano.a(lib_a-mprec.o)
                0x000000000800bc6c                __i2b
 .text.__multiply
                0x000000000800bc98      0x14c c:/st/stm32cubeide_1.6.1/stm32cubeide/plugins/com.st.stm32cube.ide.mcu.externaltools.gnu-tools-for-stm32.9-2020-q2-update.win32_2.0.0.202105311346/tools/bin/../lib/gcc/arm-none-eabi/9.3.1/../../../../arm-none-eabi/lib/thumb/v7e-m+fp/hard\libc_nano.a(lib_a-mprec.o)
                0x000000000800bc98                __multiply
 .text.__pow5mult
                0x000000000800bde4       0xb4 c:/st/stm32cubeide_1.6.1/stm32cubeide/plugins/com.st.stm32cube.ide.mcu.externaltools.gnu-tools-for-stm32.9-2020-q2-update.win32_2.0.0.202105311346/tools/bin/../lib/gcc/arm-none-eabi/9.3.1/../../../../arm-none-eabi/lib/thumb/v7e-m+fp/hard\libc_nano.a(lib_a-mprec.o)
                0x000000000800bde4                __pow5mult
 .text.__lshift
                0x000000000800be98       0xd8 c:/st/stm32cubeide_1.6.1/stm32cubeide/plugins/com.st.stm32cube.ide.mcu.externaltools.gnu-tools-for-stm32.9-2020-q2-update.win32_2.0.0.202105311346/tools/bin/../lib/gcc/arm-none-eabi/9.3.1/../../../../arm-none-eabi/lib/thumb/v7e-m+fp/hard\libc_nano.a(lib_a-mprec.o)
                0x000000000800be98                __lshift
 .text.__mcmp   0x000000000800bf70       0x38 c:/st/stm32cubeide_1.6.1/stm32cubeide/plugins/com.st.stm32cube.ide.mcu.externaltools.gnu-tools-for-stm32.9-2020-q2-update.win32_2.0.0.202105311346/tools/bin/../lib/gcc/arm-none-eabi/9.3.1/../../../../arm-none-eabi/lib/thumb/v7e-m+fp/hard\libc_nano.a(lib_a-mprec.o)
                0x000000000800bf70                __mcmp
 .text.__mdiff  0x000000000800bfa8      0x110 c:/st/stm32cubeide_1.6.1/stm32cubeide/plugins/com.st.stm32cube.ide.mcu.externaltools.gnu-tools-for-stm32.9-2020-q2-update.win32_2.0.0.202105311346/tools/bin/../lib/gcc/arm-none-eabi/9.3.1/../../../../arm-none-eabi/lib/thumb/v7e-m+fp/hard\libc_nano.a(lib_a-mprec.o)
                0x000000000800bfa8                __mdiff
 .text.__d2b    0x000000000800c0b8       0xb8 c:/st/stm32cubeide_1.6.1/stm32cubeide/plugins/com.st.stm32cube.ide.mcu.externaltools.gnu-tools-for-stm32.9-2020-q2-update.win32_2.0.0.202105311346/tools/bin/../lib/gcc/arm-none-eabi/9.3.1/../../../../arm-none-eabi/lib/thumb/v7e-m+fp/hard\libc_nano.a(lib_a-mprec.o)
                0x000000000800c0b8                __d2b
 .text._calloc_r
                0x000000000800c170       0x1e c:/st/stm32cubeide_1.6.1/stm32cubeide/plugins/com.st.stm32cube.ide.mcu.externaltools.gnu-tools-for-stm32.9-2020-q2-update.win32_2.0.0.202105311346/tools/bin/../lib/gcc/arm-none-eabi/9.3.1/../../../../arm-none-eabi/lib/thumb/v7e-m+fp/hard\libc_nano.a(lib_a-nano-callocr.o)
                0x000000000800c170                _calloc_r
 *fill*         0x000000000800c18e        0x2 
 .text._free_r  0x000000000800c190       0xa0 c:/st/stm32cubeide_1.6.1/stm32cubeide/plugins/com.st.stm32cube.ide.mcu.externaltools.gnu-tools-for-stm32.9-2020-q2-update.win32_2.0.0.202105311346/tools/bin/../lib/gcc/arm-none-eabi/9.3.1/../../../../arm-none-eabi/lib/thumb/v7e-m+fp/hard\libc_nano.a(lib_a-nano-freer.o)
                0x000000000800c190                _free_r
 .text._malloc_r
                0x000000000800c230       0xb4 c:/st/stm32cubeide_1.6.1/stm32cubeide/plugins/com.st.stm32cube.ide.mcu.externaltools.gnu-tools-for-stm32.9-2020-q2-update.win32_2.0.0.202105311346/tools/bin/../lib/gcc/arm-none-eabi/9.3.1/../../../../arm-none-eabi/lib/thumb/v7e-m+fp/hard\libc_nano.a(lib_a-nano-mallocr.o)
                0x000000000800c230                _malloc_r
 .text.__ssputs_r
                0x000000000800c2e4       0xb6 c:/st/stm32cubeide_1.6.1/stm32cubeide/plugins/com.st.stm32cube.ide.mcu.externaltools.gnu-tools-for-stm32.9-2020-q2-update.win32_2.0.0.202105311346/tools/bin/../lib/gcc/arm-none-eabi/9.3.1/../../../../arm-none-eabi/lib/thumb/v7e-m+fp/hard\libc_nano.a(lib_a-nano-svfprintf.o)
                0x000000000800c2e4                __ssputs_r
 *fill*         0x000000000800c39a        0x2 
 .text._svfprintf_r
                0x000000000800c39c      0x200 c:/st/stm32cubeide_1.6.1/stm32cubeide/plugins/com.st.stm32cube.ide.mcu.externaltools.gnu-tools-for-stm32.9-2020-q2-update.win32_2.0.0.202105311346/tools/bin/../lib/gcc/arm-none-eabi/9.3.1/../../../../arm-none-eabi/lib/thumb/v7e-m+fp/hard\libc_nano.a(lib_a-nano-svfprintf.o)
                0x000000000800c39c                _svfiprintf_r
                0x000000000800c39c                _svfprintf_r
 .text._sbrk_r  0x000000000800c59c       0x20 c:/st/stm32cubeide_1.6.1/stm32cubeide/plugins/com.st.stm32cube.ide.mcu.externaltools.gnu-tools-for-stm32.9-2020-q2-update.win32_2.0.0.202105311346/tools/bin/../lib/gcc/arm-none-eabi/9.3.1/../../../../arm-none-eabi/lib/thumb/v7e-m+fp/hard\libc_nano.a(lib_a-sbrkr.o)
                0x000000000800c59c                _sbrk_r
 .text.__assert_func
                0x000000000800c5bc       0x3c c:/st/stm32cubeide_1.6.1/stm32cubeide/plugins/com.st.stm32cube.ide.mcu.externaltools.gnu-tools-for-stm32.9-2020-q2-update.win32_2.0.0.202105311346/tools/bin/../lib/gcc/arm-none-eabi/9.3.1/../../../../arm-none-eabi/lib/thumb/v7e-m+fp/hard\libc_nano.a(lib_a-assert.o)
                0x000000000800c5bc                __assert_func
 .text.fprintf  0x000000000800c5f8       0x24 c:/st/stm32cubeide_1.6.1/stm32cubeide/plugins/com.st.stm32cube.ide.mcu.externaltools.gnu-tools-for-stm32.9-2020-q2-update.win32_2.0.0.202105311346/tools/bin/../lib/gcc/arm-none-eabi/9.3.1/../../../../arm-none-eabi/lib/thumb/v7e-m+fp/hard\libc_nano.a(lib_a-fprintf.o)
                0x000000000800c5f8                fiprintf
                0x000000000800c5f8                fprintf
 .text.__ascii_mbtowc
                0x000000000800c61c       0x24 c:/st/stm32cubeide_1.6.1/stm32cubeide/plugins/com.st.stm32cube.ide.mcu.externaltools.gnu-tools-for-stm32.9-2020-q2-update.win32_2.0.0.202105311346/tools/bin/../lib/gcc/arm-none-eabi/9.3.1/../../../../arm-none-eabi/lib/thumb/v7e-m+fp/hard\libc_nano.a(lib_a-mbtowc_r.o)
                0x000000000800c61c                __ascii_mbtowc
 .text.memmove  0x000000000800c640       0x34 c:/st/stm32cubeide_1.6.1/stm32cubeide/plugins/com.st.stm32cube.ide.mcu.externaltools.gnu-tools-for-stm32.9-2020-q2-update.win32_2.0.0.202105311346/tools/bin/../lib/gcc/arm-none-eabi/9.3.1/../../../../arm-none-eabi/lib/thumb/v7e-m+fp/hard\libc_nano.a(lib_a-memmove.o)
                0x000000000800c640                memmove
 .text.__malloc_lock
                0x000000000800c674        0xc c:/st/stm32cubeide_1.6.1/stm32cubeide/plugins/com.st.stm32cube.ide.mcu.externaltools.gnu-tools-for-stm32.9-2020-q2-update.win32_2.0.0.202105311346/tools/bin/../lib/gcc/arm-none-eabi/9.3.1/../../../../arm-none-eabi/lib/thumb/v7e-m+fp/hard\libc_nano.a(lib_a-mlock.o)
                0x000000000800c674                __malloc_lock
 .text.__malloc_unlock
                0x000000000800c680        0xc c:/st/stm32cubeide_1.6.1/stm32cubeide/plugins/com.st.stm32cube.ide.mcu.externaltools.gnu-tools-for-stm32.9-2020-q2-update.win32_2.0.0.202105311346/tools/bin/../lib/gcc/arm-none-eabi/9.3.1/../../../../arm-none-eabi/lib/thumb/v7e-m+fp/hard\libc_nano.a(lib_a-mlock.o)
                0x000000000800c680                __malloc_unlock
 .text._realloc_r
                0x000000000800c68c       0x4c c:/st/stm32cubeide_1.6.1/stm32cubeide/plugins/com.st.stm32cube.ide.mcu.externaltools.gnu-tools-for-stm32.9-2020-q2-update.win32_2.0.0.202105311346/tools/bin/../lib/gcc/arm-none-eabi/9.3.1/../../../../arm-none-eabi/lib/thumb/v7e-m+fp/hard\libc_nano.a(lib_a-nano-reallocr.o)
                0x000000000800c68c                _realloc_r
 .text.__sfputc_r
                0x000000000800c6d8       0x2e c:/st/stm32cubeide_1.6.1/stm32cubeide/plugins/com.st.stm32cube.ide.mcu.externaltools.gnu-tools-for-stm32.9-2020-q2-update.win32_2.0.0.202105311346/tools/bin/../lib/gcc/arm-none-eabi/9.3.1/../../../../arm-none-eabi/lib/thumb/v7e-m+fp/hard\libc_nano.a(lib_a-nano-vfprintf.o)
 .text.__sfputs_r
                0x000000000800c706       0x24 c:/st/stm32cubeide_1.6.1/stm32cubeide/plugins/com.st.stm32cube.ide.mcu.externaltools.gnu-tools-for-stm32.9-2020-q2-update.win32_2.0.0.202105311346/tools/bin/../lib/gcc/arm-none-eabi/9.3.1/../../../../arm-none-eabi/lib/thumb/v7e-m+fp/hard\libc_nano.a(lib_a-nano-vfprintf.o)
                0x000000000800c706                __sfputs_r
 *fill*         0x000000000800c72a        0x2 
 .text._vfprintf_r
                0x000000000800c72c      0x260 c:/st/stm32cubeide_1.6.1/stm32cubeide/plugins/com.st.stm32cube.ide.mcu.externaltools.gnu-tools-for-stm32.9-2020-q2-update.win32_2.0.0.202105311346/tools/bin/../lib/gcc/arm-none-eabi/9.3.1/../../../../arm-none-eabi/lib/thumb/v7e-m+fp/hard\libc_nano.a(lib_a-nano-vfprintf.o)
                0x000000000800c72c                _vfprintf_r
                0x000000000800c72c                _vfiprintf_r
 .text.__swbuf_r
                0x000000000800c98c       0xa4 c:/st/stm32cubeide_1.6.1/stm32cubeide/plugins/com.st.stm32cube.ide.mcu.externaltools.gnu-tools-for-stm32.9-2020-q2-update.win32_2.0.0.202105311346/tools/bin/../lib/gcc/arm-none-eabi/9.3.1/../../../../arm-none-eabi/lib/thumb/v7e-m+fp/hard\libc_nano.a(lib_a-wbuf.o)
                0x000000000800c98c                __swbuf_r
 .text.__ascii_wctomb
                0x000000000800ca30       0x1a c:/st/stm32cubeide_1.6.1/stm32cubeide/plugins/com.st.stm32cube.ide.mcu.externaltools.gnu-tools-for-stm32.9-2020-q2-update.win32_2.0.0.202105311346/tools/bin/../lib/gcc/arm-none-eabi/9.3.1/../../../../arm-none-eabi/lib/thumb/v7e-m+fp/hard\libc_nano.a(lib_a-wctomb_r.o)
                0x000000000800ca30                __ascii_wctomb
 *fill*         0x000000000800ca4a        0x2 
 .text.__swsetup_r
                0x000000000800ca4c       0xdc c:/st/stm32cubeide_1.6.1/stm32cubeide/plugins/com.st.stm32cube.ide.mcu.externaltools.gnu-tools-for-stm32.9-2020-q2-update.win32_2.0.0.202105311346/tools/bin/../lib/gcc/arm-none-eabi/9.3.1/../../../../arm-none-eabi/lib/thumb/v7e-m+fp/hard\libc_nano.a(lib_a-wsetup.o)
                0x000000000800ca4c                __swsetup_r
 .text.abort    0x000000000800cb28        0xe c:/st/stm32cubeide_1.6.1/stm32cubeide/plugins/com.st.stm32cube.ide.mcu.externaltools.gnu-tools-for-stm32.9-2020-q2-update.win32_2.0.0.202105311346/tools/bin/../lib/gcc/arm-none-eabi/9.3.1/../../../../arm-none-eabi/lib/thumb/v7e-m+fp/hard\libc_nano.a(lib_a-abort.o)
                0x000000000800cb28                abort
 *fill*         0x000000000800cb36        0x2 
 .text.__sflush_r
                0x000000000800cb38      0x10c c:/st/stm32cubeide_1.6.1/stm32cubeide/plugins/com.st.stm32cube.ide.mcu.externaltools.gnu-tools-for-stm32.9-2020-q2-update.win32_2.0.0.202105311346/tools/bin/../lib/gcc/arm-none-eabi/9.3.1/../../../../arm-none-eabi/lib/thumb/v7e-m+fp/hard\libc_nano.a(lib_a-fflush.o)
                0x000000000800cb38                __sflush_r
 .text._fflush_r
                0x000000000800cc44       0x78 c:/st/stm32cubeide_1.6.1/stm32cubeide/plugins/com.st.stm32cube.ide.mcu.externaltools.gnu-tools-for-stm32.9-2020-q2-update.win32_2.0.0.202105311346/tools/bin/../lib/gcc/arm-none-eabi/9.3.1/../../../../arm-none-eabi/lib/thumb/v7e-m+fp/hard\libc_nano.a(lib_a-fflush.o)
                0x000000000800cc44                _fflush_r
 .text.std      0x000000000800ccbc       0x48 c:/st/stm32cubeide_1.6.1/stm32cubeide/plugins/com.st.stm32cube.ide.mcu.externaltools.gnu-tools-for-stm32.9-2020-q2-update.win32_2.0.0.202105311346/tools/bin/../lib/gcc/arm-none-eabi/9.3.1/../../../../arm-none-eabi/lib/thumb/v7e-m+fp/hard\libc_nano.a(lib_a-findfp.o)
 .text._cleanup_r
                0x000000000800cd04        0xc c:/st/stm32cubeide_1.6.1/stm32cubeide/plugins/com.st.stm32cube.ide.mcu.externaltools.gnu-tools-for-stm32.9-2020-q2-update.win32_2.0.0.202105311346/tools/bin/../lib/gcc/arm-none-eabi/9.3.1/../../../../arm-none-eabi/lib/thumb/v7e-m+fp/hard\libc_nano.a(lib_a-findfp.o)
                0x000000000800cd04                _cleanup_r
 .text.__sfmoreglue
                0x000000000800cd10       0x2c c:/st/stm32cubeide_1.6.1/stm32cubeide/plugins/com.st.stm32cube.ide.mcu.externaltools.gnu-tools-for-stm32.9-2020-q2-update.win32_2.0.0.202105311346/tools/bin/../lib/gcc/arm-none-eabi/9.3.1/../../../../arm-none-eabi/lib/thumb/v7e-m+fp/hard\libc_nano.a(lib_a-findfp.o)
                0x000000000800cd10                __sfmoreglue
 .text.__sfp_lock_acquire
                0x000000000800cd3c        0xc c:/st/stm32cubeide_1.6.1/stm32cubeide/plugins/com.st.stm32cube.ide.mcu.externaltools.gnu-tools-for-stm32.9-2020-q2-update.win32_2.0.0.202105311346/tools/bin/../lib/gcc/arm-none-eabi/9.3.1/../../../../arm-none-eabi/lib/thumb/v7e-m+fp/hard\libc_nano.a(lib_a-findfp.o)
                0x000000000800cd3c                __sfp_lock_acquire
 .text.__sfp_lock_release
                0x000000000800cd48        0xc c:/st/stm32cubeide_1.6.1/stm32cubeide/plugins/com.st.stm32cube.ide.mcu.externaltools.gnu-tools-for-stm32.9-2020-q2-update.win32_2.0.0.202105311346/tools/bin/../lib/gcc/arm-none-eabi/9.3.1/../../../../arm-none-eabi/lib/thumb/v7e-m+fp/hard\libc_nano.a(lib_a-findfp.o)
                0x000000000800cd48                __sfp_lock_release
 .text.__sinit_lock_acquire
                0x000000000800cd54        0xc c:/st/stm32cubeide_1.6.1/stm32cubeide/plugins/com.st.stm32cube.ide.mcu.externaltools.gnu-tools-for-stm32.9-2020-q2-update.win32_2.0.0.202105311346/tools/bin/../lib/gcc/arm-none-eabi/9.3.1/../../../../arm-none-eabi/lib/thumb/v7e-m+fp/hard\libc_nano.a(lib_a-findfp.o)
                0x000000000800cd54                __sinit_lock_acquire
 .text.__sinit_lock_release
                0x000000000800cd60        0xc c:/st/stm32cubeide_1.6.1/stm32cubeide/plugins/com.st.stm32cube.ide.mcu.externaltools.gnu-tools-for-stm32.9-2020-q2-update.win32_2.0.0.202105311346/tools/bin/../lib/gcc/arm-none-eabi/9.3.1/../../../../arm-none-eabi/lib/thumb/v7e-m+fp/hard\libc_nano.a(lib_a-findfp.o)
                0x000000000800cd60                __sinit_lock_release
 .text.__sinit  0x000000000800cd6c       0x70 c:/st/stm32cubeide_1.6.1/stm32cubeide/plugins/com.st.stm32cube.ide.mcu.externaltools.gnu-tools-for-stm32.9-2020-q2-update.win32_2.0.0.202105311346/tools/bin/../lib/gcc/arm-none-eabi/9.3.1/../../../../arm-none-eabi/lib/thumb/v7e-m+fp/hard\libc_nano.a(lib_a-findfp.o)
                0x000000000800cd6c                __sinit
 .text.__sfp    0x000000000800cddc       0x8c c:/st/stm32cubeide_1.6.1/stm32cubeide/plugins/com.st.stm32cube.ide.mcu.externaltools.gnu-tools-for-stm32.9-2020-q2-update.win32_2.0.0.202105311346/tools/bin/../lib/gcc/arm-none-eabi/9.3.1/../../../../arm-none-eabi/lib/thumb/v7e-m+fp/hard\libc_nano.a(lib_a-findfp.o)
                0x000000000800cddc                __sfp
 .text._fwalk_reent
                0x000000000800ce68       0x3e c:/st/stm32cubeide_1.6.1/stm32cubeide/plugins/com.st.stm32cube.ide.mcu.externaltools.gnu-tools-for-stm32.9-2020-q2-update.win32_2.0.0.202105311346/tools/bin/../lib/gcc/arm-none-eabi/9.3.1/../../../../arm-none-eabi/lib/thumb/v7e-m+fp/hard\libc_nano.a(lib_a-fwalk.o)
                0x000000000800ce68                _fwalk_reent
 .text.__retarget_lock_init_recursive
                0x000000000800cea6        0x2 c:/st/stm32cubeide_1.6.1/stm32cubeide/plugins/com.st.stm32cube.ide.mcu.externaltools.gnu-tools-for-stm32.9-2020-q2-update.win32_2.0.0.202105311346/tools/bin/../lib/gcc/arm-none-eabi/9.3.1/../../../../arm-none-eabi/lib/thumb/v7e-m+fp/hard\libc_nano.a(lib_a-lock.o)
                0x000000000800cea6                __retarget_lock_init_recursive
 .text.__retarget_lock_acquire_recursive
                0x000000000800cea8        0x2 c:/st/stm32cubeide_1.6.1/stm32cubeide/plugins/com.st.stm32cube.ide.mcu.externaltools.gnu-tools-for-stm32.9-2020-q2-update.win32_2.0.0.202105311346/tools/bin/../lib/gcc/arm-none-eabi/9.3.1/../../../../arm-none-eabi/lib/thumb/v7e-m+fp/hard\libc_nano.a(lib_a-lock.o)
                0x000000000800cea8                __retarget_lock_acquire_recursive
 .text.__retarget_lock_release_recursive
                0x000000000800ceaa        0x2 c:/st/stm32cubeide_1.6.1/stm32cubeide/plugins/com.st.stm32cube.ide.mcu.externaltools.gnu-tools-for-stm32.9-2020-q2-update.win32_2.0.0.202105311346/tools/bin/../lib/gcc/arm-none-eabi/9.3.1/../../../../arm-none-eabi/lib/thumb/v7e-m+fp/hard\libc_nano.a(lib_a-lock.o)
                0x000000000800ceaa                __retarget_lock_release_recursive
 .text.__swhatbuf_r
                0x000000000800ceac       0x48 c:/st/stm32cubeide_1.6.1/stm32cubeide/plugins/com.st.stm32cube.ide.mcu.externaltools.gnu-tools-for-stm32.9-2020-q2-update.win32_2.0.0.202105311346/tools/bin/../lib/gcc/arm-none-eabi/9.3.1/../../../../arm-none-eabi/lib/thumb/v7e-m+fp/hard\libc_nano.a(lib_a-makebuf.o)
                0x000000000800ceac                __swhatbuf_r
 .text.__smakebuf_r
                0x000000000800cef4       0x80 c:/st/stm32cubeide_1.6.1/stm32cubeide/plugins/com.st.stm32cube.ide.mcu.externaltools.gnu-tools-for-stm32.9-2020-q2-update.win32_2.0.0.202105311346/tools/bin/../lib/gcc/arm-none-eabi/9.3.1/../../../../arm-none-eabi/lib/thumb/v7e-m+fp/hard\libc_nano.a(lib_a-makebuf.o)
                0x000000000800cef4                __smakebuf_r
 .text._malloc_usable_size_r
                0x000000000800cf74       0x10 c:/st/stm32cubeide_1.6.1/stm32cubeide/plugins/com.st.stm32cube.ide.mcu.externaltools.gnu-tools-for-stm32.9-2020-q2-update.win32_2.0.0.202105311346/tools/bin/../lib/gcc/arm-none-eabi/9.3.1/../../../../arm-none-eabi/lib/thumb/v7e-m+fp/hard\libc_nano.a(lib_a-nano-msizer.o)
                0x000000000800cf74                _malloc_usable_size_r
 .text._raise_r
                0x000000000800cf84       0x50 c:/st/stm32cubeide_1.6.1/stm32cubeide/plugins/com.st.stm32cube.ide.mcu.externaltools.gnu-tools-for-stm32.9-2020-q2-update.win32_2.0.0.202105311346/tools/bin/../lib/gcc/arm-none-eabi/9.3.1/../../../../arm-none-eabi/lib/thumb/v7e-m+fp/hard\libc_nano.a(lib_a-signal.o)
                0x000000000800cf84                _raise_r
 .text.raise    0x000000000800cfd4       0x10 c:/st/stm32cubeide_1.6.1/stm32cubeide/plugins/com.st.stm32cube.ide.mcu.externaltools.gnu-tools-for-stm32.9-2020-q2-update.win32_2.0.0.202105311346/tools/bin/../lib/gcc/arm-none-eabi/9.3.1/../../../../arm-none-eabi/lib/thumb/v7e-m+fp/hard\libc_nano.a(lib_a-signal.o)
                0x000000000800cfd4                raise
 .text._kill_r  0x000000000800cfe4       0x24 c:/st/stm32cubeide_1.6.1/stm32cubeide/plugins/com.st.stm32cube.ide.mcu.externaltools.gnu-tools-for-stm32.9-2020-q2-update.win32_2.0.0.202105311346/tools/bin/../lib/gcc/arm-none-eabi/9.3.1/../../../../arm-none-eabi/lib/thumb/v7e-m+fp/hard\libc_nano.a(lib_a-signalr.o)
                0x000000000800cfe4                _kill_r
 .text._getpid_r
                0x000000000800d008        0x4 c:/st/stm32cubeide_1.6.1/stm32cubeide/plugins/com.st.stm32cube.ide.mcu.externaltools.gnu-tools-for-stm32.9-2020-q2-update.win32_2.0.0.202105311346/tools/bin/../lib/gcc/arm-none-eabi/9.3.1/../../../../arm-none-eabi/lib/thumb/v7e-m+fp/hard\libc_nano.a(lib_a-signalr.o)
                0x000000000800d008                _getpid_r
 .text.__sread  0x000000000800d00c       0x22 c:/st/stm32cubeide_1.6.1/stm32cubeide/plugins/com.st.stm32cube.ide.mcu.externaltools.gnu-tools-for-stm32.9-2020-q2-update.win32_2.0.0.202105311346/tools/bin/../lib/gcc/arm-none-eabi/9.3.1/../../../../arm-none-eabi/lib/thumb/v7e-m+fp/hard\libc_nano.a(lib_a-stdio.o)
                0x000000000800d00c                __sread
 .text.__swrite
                0x000000000800d02e       0x38 c:/st/stm32cubeide_1.6.1/stm32cubeide/plugins/com.st.stm32cube.ide.mcu.externaltools.gnu-tools-for-stm32.9-2020-q2-update.win32_2.0.0.202105311346/tools/bin/../lib/gcc/arm-none-eabi/9.3.1/../../../../arm-none-eabi/lib/thumb/v7e-m+fp/hard\libc_nano.a(lib_a-stdio.o)
                0x000000000800d02e                __swrite
 .text.__sseek  0x000000000800d066       0x24 c:/st/stm32cubeide_1.6.1/stm32cubeide/plugins/com.st.stm32cube.ide.mcu.externaltools.gnu-tools-for-stm32.9-2020-q2-update.win32_2.0.0.202105311346/tools/bin/../lib/gcc/arm-none-eabi/9.3.1/../../../../arm-none-eabi/lib/thumb/v7e-m+fp/hard\libc_nano.a(lib_a-stdio.o)
                0x000000000800d066                __sseek
 .text.__sclose
                0x000000000800d08a        0x8 c:/st/stm32cubeide_1.6.1/stm32cubeide/plugins/com.st.stm32cube.ide.mcu.externaltools.gnu-tools-for-stm32.9-2020-q2-update.win32_2.0.0.202105311346/tools/bin/../lib/gcc/arm-none-eabi/9.3.1/../../../../arm-none-eabi/lib/thumb/v7e-m+fp/hard\libc_nano.a(lib_a-stdio.o)
                0x000000000800d08a                __sclose
 *fill*         0x000000000800d092        0x2 
 .text._write_r
                0x000000000800d094       0x24 c:/st/stm32cubeide_1.6.1/stm32cubeide/plugins/com.st.stm32cube.ide.mcu.externaltools.gnu-tools-for-stm32.9-2020-q2-update.win32_2.0.0.202105311346/tools/bin/../lib/gcc/arm-none-eabi/9.3.1/../../../../arm-none-eabi/lib/thumb/v7e-m+fp/hard\libc_nano.a(lib_a-writer.o)
                0x000000000800d094                _write_r
 .text._close_r
                0x000000000800d0b8       0x20 c:/st/stm32cubeide_1.6.1/stm32cubeide/plugins/com.st.stm32cube.ide.mcu.externaltools.gnu-tools-for-stm32.9-2020-q2-update.win32_2.0.0.202105311346/tools/bin/../lib/gcc/arm-none-eabi/9.3.1/../../../../arm-none-eabi/lib/thumb/v7e-m+fp/hard\libc_nano.a(lib_a-closer.o)
                0x000000000800d0b8                _close_r
 .text._fstat_r
                0x000000000800d0d8       0x24 c:/st/stm32cubeide_1.6.1/stm32cubeide/plugins/com.st.stm32cube.ide.mcu.externaltools.gnu-tools-for-stm32.9-2020-q2-update.win32_2.0.0.202105311346/tools/bin/../lib/gcc/arm-none-eabi/9.3.1/../../../../arm-none-eabi/lib/thumb/v7e-m+fp/hard\libc_nano.a(lib_a-fstatr.o)
                0x000000000800d0d8                _fstat_r
 .text._isatty_r
                0x000000000800d0fc       0x20 c:/st/stm32cubeide_1.6.1/stm32cubeide/plugins/com.st.stm32cube.ide.mcu.externaltools.gnu-tools-for-stm32.9-2020-q2-update.win32_2.0.0.202105311346/tools/bin/../lib/gcc/arm-none-eabi/9.3.1/../../../../arm-none-eabi/lib/thumb/v7e-m+fp/hard\libc_nano.a(lib_a-isattyr.o)
                0x000000000800d0fc                _isatty_r
 .text._lseek_r
                0x000000000800d11c       0x24 c:/st/stm32cubeide_1.6.1/stm32cubeide/plugins/com.st.stm32cube.ide.mcu.externaltools.gnu-tools-for-stm32.9-2020-q2-update.win32_2.0.0.202105311346/tools/bin/../lib/gcc/arm-none-eabi/9.3.1/../../../../arm-none-eabi/lib/thumb/v7e-m+fp/hard\libc_nano.a(lib_a-lseekr.o)
                0x000000000800d11c                _lseek_r
 .text._read_r  0x000000000800d140       0x24 c:/st/stm32cubeide_1.6.1/stm32cubeide/plugins/com.st.stm32cube.ide.mcu.externaltools.gnu-tools-for-stm32.9-2020-q2-update.win32_2.0.0.202105311346/tools/bin/../lib/gcc/arm-none-eabi/9.3.1/../../../../arm-none-eabi/lib/thumb/v7e-m+fp/hard\libc_nano.a(lib_a-readr.o)
                0x000000000800d140                _read_r
 *(.glue_7)
 .glue_7        0x000000000800d164        0x0 linker stubs
 *(.glue_7t)
 .glue_7t       0x000000000800d164        0x0 linker stubs
 *(.eh_frame)
 .eh_frame      0x000000000800d164        0x0 c:/st/stm32cubeide_1.6.1/stm32cubeide/plugins/com.st.stm32cube.ide.mcu.externaltools.gnu-tools-for-stm32.9-2020-q2-update.win32_2.0.0.202105311346/tools/bin/../lib/gcc/arm-none-eabi/9.3.1/thumb/v7e-m+fp/hard/crtbegin.o
 *(.init)
 .init          0x000000000800d164        0x4 c:/st/stm32cubeide_1.6.1/stm32cubeide/plugins/com.st.stm32cube.ide.mcu.externaltools.gnu-tools-for-stm32.9-2020-q2-update.win32_2.0.0.202105311346/tools/bin/../lib/gcc/arm-none-eabi/9.3.1/thumb/v7e-m+fp/hard/crti.o
                0x000000000800d164                _init
 .init          0x000000000800d168        0x8 c:/st/stm32cubeide_1.6.1/stm32cubeide/plugins/com.st.stm32cube.ide.mcu.externaltools.gnu-tools-for-stm32.9-2020-q2-update.win32_2.0.0.202105311346/tools/bin/../lib/gcc/arm-none-eabi/9.3.1/thumb/v7e-m+fp/hard/crtn.o
 *(.fini)
 .fini          0x000000000800d170        0x4 c:/st/stm32cubeide_1.6.1/stm32cubeide/plugins/com.st.stm32cube.ide.mcu.externaltools.gnu-tools-for-stm32.9-2020-q2-update.win32_2.0.0.202105311346/tools/bin/../lib/gcc/arm-none-eabi/9.3.1/thumb/v7e-m+fp/hard/crti.o
                0x000000000800d170                _fini
 .fini          0x000000000800d174        0x8 c:/st/stm32cubeide_1.6.1/stm32cubeide/plugins/com.st.stm32cube.ide.mcu.externaltools.gnu-tools-for-stm32.9-2020-q2-update.win32_2.0.0.202105311346/tools/bin/../lib/gcc/arm-none-eabi/9.3.1/thumb/v7e-m+fp/hard/crtn.o
                0x000000000800d17c                . = ALIGN (0x4)
                0x000000000800d17c                _etext = .

.vfp11_veneer   0x000000000800d17c        0x0
 .vfp11_veneer  0x000000000800d17c        0x0 linker stubs

.v4_bx          0x000000000800d17c        0x0
 .v4_bx         0x000000000800d17c        0x0 linker stubs

.iplt           0x000000000800d17c        0x0
 .iplt          0x000000000800d17c        0x0 c:/st/stm32cubeide_1.6.1/stm32cubeide/plugins/com.st.stm32cube.ide.mcu.externaltools.gnu-tools-for-stm32.9-2020-q2-update.win32_2.0.0.202105311346/tools/bin/../lib/gcc/arm-none-eabi/9.3.1/thumb/v7e-m+fp/hard/crtbegin.o

.rodata         0x000000000800d180     0x1ec4
                0x000000000800d180                . = ALIGN (0x4)
 *(.rodata)
 .rodata        0x000000000800d180        0xa ./Core/Src/main.o
 *(.rodata*)
 *fill*         0x000000000800d18a        0x2 
 .rodata.AHBPrescTable
                0x000000000800d18c       0x10 ./Core/Src/system_stm32f7xx.o
                0x000000000800d18c                AHBPrescTable
 .rodata.APBPrescTable
                0x000000000800d19c        0x8 ./Core/Src/system_stm32f7xx.o
                0x000000000800d19c                APBPrescTable
 .rodata.flagBitshiftOffset.9689
                0x000000000800d1a4        0x8 ./Drivers/STM32F7xx_HAL_Driver/Src/stm32f7xx_hal_dma.o
 .rodata.Font24_Table
                0x000000000800d1ac     0x1ab8 ./Drivers/Utilities/Fonts/font24.o
                0x000000000800d1ac                Font24_Table
 .rodata._global_impure_ptr
                0x000000000800ec64        0x4 c:/st/stm32cubeide_1.6.1/stm32cubeide/plugins/com.st.stm32cube.ide.mcu.externaltools.gnu-tools-for-stm32.9-2020-q2-update.win32_2.0.0.202105311346/tools/bin/../lib/gcc/arm-none-eabi/9.3.1/../../../../arm-none-eabi/lib/thumb/v7e-m+fp/hard\libc_nano.a(lib_a-impure.o)
                0x000000000800ec64                _global_impure_ptr
 .rodata._printf_float.str1.1
                0x000000000800ec68       0x12 c:/st/stm32cubeide_1.6.1/stm32cubeide/plugins/com.st.stm32cube.ide.mcu.externaltools.gnu-tools-for-stm32.9-2020-q2-update.win32_2.0.0.202105311346/tools/bin/../lib/gcc/arm-none-eabi/9.3.1/../../../../arm-none-eabi/lib/thumb/v7e-m+fp/hard\libc_nano.a(lib_a-nano-vfprintf_float.o)
 .rodata._printf_i.str1.1
                0x000000000800ec7a       0x22 c:/st/stm32cubeide_1.6.1/stm32cubeide/plugins/com.st.stm32cube.ide.mcu.externaltools.gnu-tools-for-stm32.9-2020-q2-update.win32_2.0.0.202105311346/tools/bin/../lib/gcc/arm-none-eabi/9.3.1/../../../../arm-none-eabi/lib/thumb/v7e-m+fp/hard\libc_nano.a(lib_a-nano-vfprintf_i.o)
 .rodata._dtoa_r.str1.1
                0x000000000800ec9c       0x94 c:/st/stm32cubeide_1.6.1/stm32cubeide/plugins/com.st.stm32cube.ide.mcu.externaltools.gnu-tools-for-stm32.9-2020-q2-update.win32_2.0.0.202105311346/tools/bin/../lib/gcc/arm-none-eabi/9.3.1/../../../../arm-none-eabi/lib/thumb/v7e-m+fp/hard\libc_nano.a(lib_a-dtoa.o)
                                         0x96 (size before relaxing)
 .rodata._Balloc.str1.1
                0x000000000800ed30       0x60 c:/st/stm32cubeide_1.6.1/stm32cubeide/plugins/com.st.stm32cube.ide.mcu.externaltools.gnu-tools-for-stm32.9-2020-q2-update.win32_2.0.0.202105311346/tools/bin/../lib/gcc/arm-none-eabi/9.3.1/../../../../arm-none-eabi/lib/thumb/v7e-m+fp/hard\libc_nano.a(lib_a-mprec.o)
                                         0x77 (size before relaxing)
 .rodata.__multadd.str1.1
                0x000000000800ed90       0x11 c:/st/stm32cubeide_1.6.1/stm32cubeide/plugins/com.st.stm32cube.ide.mcu.externaltools.gnu-tools-for-stm32.9-2020-q2-update.win32_2.0.0.202105311346/tools/bin/../lib/gcc/arm-none-eabi/9.3.1/../../../../arm-none-eabi/lib/thumb/v7e-m+fp/hard\libc_nano.a(lib_a-mprec.o)
 .rodata.__mprec_bigtens
                0x000000000800ed90       0x28 c:/st/stm32cubeide_1.6.1/stm32cubeide/plugins/com.st.stm32cube.ide.mcu.externaltools.gnu-tools-for-stm32.9-2020-q2-update.win32_2.0.0.202105311346/tools/bin/../lib/gcc/arm-none-eabi/9.3.1/../../../../arm-none-eabi/lib/thumb/v7e-m+fp/hard\libc_nano.a(lib_a-mprec.o)
                0x000000000800ed90                __mprec_bigtens
 .rodata.__mprec_tens
                0x000000000800edb8       0xc8 c:/st/stm32cubeide_1.6.1/stm32cubeide/plugins/com.st.stm32cube.ide.mcu.externaltools.gnu-tools-for-stm32.9-2020-q2-update.win32_2.0.0.202105311346/tools/bin/../lib/gcc/arm-none-eabi/9.3.1/../../../../arm-none-eabi/lib/thumb/v7e-m+fp/hard\libc_nano.a(lib_a-mprec.o)
                0x000000000800edb8                __mprec_tens
 .rodata.p05.7513
                0x000000000800ee80        0xc c:/st/stm32cubeide_1.6.1/stm32cubeide/plugins/com.st.stm32cube.ide.mcu.externaltools.gnu-tools-for-stm32.9-2020-q2-update.win32_2.0.0.202105311346/tools/bin/../lib/gcc/arm-none-eabi/9.3.1/../../../../arm-none-eabi/lib/thumb/v7e-m+fp/hard\libc_nano.a(lib_a-mprec.o)
 .rodata._svfprintf_r.str1.1
                0x000000000800ee8c       0x11 c:/st/stm32cubeide_1.6.1/stm32cubeide/plugins/com.st.stm32cube.ide.mcu.externaltools.gnu-tools-for-stm32.9-2020-q2-update.win32_2.0.0.202105311346/tools/bin/../lib/gcc/arm-none-eabi/9.3.1/../../../../arm-none-eabi/lib/thumb/v7e-m+fp/hard\libc_nano.a(lib_a-nano-svfprintf.o)
 .rodata.__assert_func.str1.1