main.c:108:5:main	1296	static
main.c:273:6:SystemClock_Config	216	static
main.c:341:13:MX_ADC3_Init	24	static
main.c:391:13:MX_CRC_Init	8	static
main.c:422:13:MX_DMA2D_Init	8	static
main.c:459:13:MX_I2C3_Init	8	static
main.c:505:13:MX_LTDC_Init	64	static
main.c:567:13:MX_TIM2_Init	40	static
main.c:612:13:MX_TIM3_Init	40	static
main.c:657:13:MX_TIM4_Init	40	static
main.c:702:13:MX_TIM5_Init	40	static
main.c:747:13:MX_TIM7_Init	24	static
main.c:785:13:MX_TIM9_Init	24	static
main.c:823:13:MX_USART1_UART_Init	8	static
main.c:854:13:MX_FMC_Init	40	static
main.c:905:13:MX_GPIO_Init	72	static
main.c:1271:6:HAL_TIM_PeriodElapsedCallback	16	static
main.c:1288:6:Error_Handler	4	static,ignoring_inline_asm
