stm32f7xx_hal_msp.c:64:6:HAL_MspInit	16	static
stm32f7xx_hal_msp.c:86:6:HAL_ADC_MspInit	48	static
stm32f7xx_hal_msp.c:134:6:HAL_ADC_MspDeInit	16	static
stm32f7xx_hal_msp.c:172:6:HAL_CRC_MspInit	24	static
stm32f7xx_hal_msp.c:194:6:HAL_CRC_MspDeInit	16	static
stm32f7xx_hal_msp.c:216:6:HAL_DMA2D_MspInit	24	static
stm32f7xx_hal_msp.c:241:6:HAL_DMA2D_MspDeInit	16	static
stm32f7xx_hal_msp.c:266:6:HAL_I2C_MspInit	48	static
stm32f7xx_hal_msp.c:302:6:HAL_I2C_MspDeInit	16	static
stm32f7xx_hal_msp.c:333:6:HAL_LTDC_MspInit	64	static
stm32f7xx_hal_msp.c:434:6:HAL_LTDC_MspDeInit	16	static
stm32f7xx_hal_msp.c:503:6:HAL_TIM_Base_MspInit	72	static
stm32f7xx_hal_msp.c:635:6:HAL_TIM_Base_MspDeInit	16	static
stm32f7xx_hal_msp.c:745:6:HAL_UART_MspInit	48	static
stm32f7xx_hal_msp.c:789:6:HAL_UART_MspDeInit	16	static
stm32f7xx_hal_msp.c:816:13:HAL_FMC_MspInit	32	static
stm32f7xx_hal_msp.c:922:6:HAL_SDRAM_MspInit	16	static
stm32f7xx_hal_msp.c:934:13:HAL_FMC_MspDeInit	8	static
stm32f7xx_hal_msp.c:1008:6:HAL_SDRAM_MspDeInit	16	static
