../Core/Src/stm32f7xx_it.c:104:6:NMI_Handler	4	static
../Core/Src/stm32f7xx_it.c:119:6:HardFault_Handler	4	static
../Core/Src/stm32f7xx_it.c:134:6:MemManage_Handler	4	static
../Core/Src/stm32f7xx_it.c:149:6:BusFault_Handler	4	static
../Core/Src/stm32f7xx_it.c:164:6:UsageFault_Handler	4	static
../Core/Src/stm32f7xx_it.c:179:6:DebugMon_Handler	4	static
../Core/Src/stm32f7xx_it.c:199:6:ADC_IRQHandler	24	static,ignoring_inline_asm
../Core/Src/stm32f7xx_it.c:263:6:TIM1_BRK_TIM9_IRQHandler	8	static
../Core/Src/stm32f7xx_it.c:277:6:TIM2_IRQHandler	8	static
../Core/Src/stm32f7xx_it.c:291:6:TIM3_IRQHandler	8	static
../Core/Src/stm32f7xx_it.c:306:6:TIM4_IRQHandler	16	static
../Core/Src/stm32f7xx_it.c:335:6:EXTI15_10_IRQHandler	8	static
../Core/Src/stm32f7xx_it.c:351:6:TIM5_IRQHandler	8	static
../Core/Src/stm32f7xx_it.c:365:6:TIM6_DAC_IRQHandler	8	static
../Core/Src/stm32f7xx_it.c:379:6:TIM7_IRQHandler	8	static
../Core/Src/stm32f7xx_it.c:393:6:LTDC_IRQHandler	8	static
../Core/Src/stm32f7xx_it.c:407:6:DMA2D_IRQHandler	8	static
