stm32f7xx_it.c:101:6:NMI_Handler	4	static
stm32f7xx_it.c:116:6:HardFault_Handler	4	static
stm32f7xx_it.c:131:6:MemManage_Handler	4	static
stm32f7xx_it.c:146:6:BusFault_Handler	4	static
stm32f7xx_it.c:161:6:UsageFault_Handler	4	static
stm32f7xx_it.c:176:6:SVC_Handler	4	static
stm32f7xx_it.c:189:6:DebugMon_Handler	4	static
stm32f7xx_it.c:202:6:PendSV_Handler	4	static
stm32f7xx_it.c:215:6:SysTick_Handler	4	static
stm32f7xx_it.c:236:6:ADC_IRQHandler	16	static
stm32f7xx_it.c:291:6:TIM1_BRK_TIM9_IRQHandler	8	static
stm32f7xx_it.c:305:6:TIM2_IRQHandler	8	static
stm32f7xx_it.c:319:6:TIM3_IRQHandler	8	static
stm32f7xx_it.c:334:6:TIM4_IRQHandler	16	static
stm32f7xx_it.c:363:6:EXTI15_10_IRQHandler	8	static
stm32f7xx_it.c:379:6:TIM5_IRQHandler	8	static
stm32f7xx_it.c:393:6:TIM6_DAC_IRQHandler	8	static
stm32f7xx_it.c:407:6:TIM7_IRQHandler	8	static
stm32f7xx_it.c:422:6:LTDC_IRQHandler	8	static
stm32f7xx_it.c:436:6:DMA2D_IRQHandler	8	static
